Archive member included to satisfy reference by file (symbol)

d:/stm32cubeide_1.9.0/stm32cubeide/plugins/com.st.stm32cube.ide.mcu.externaltools.gnu-tools-for-stm32.10.3-2021.10.win32_1.0.200.202301161003/tools/bin/../lib/gcc/arm-none-eabi/10.3.1/../../../../arm-none-eabi/lib/thumb/v7e-m/nofp\libc_nano.a(lib_a-errno.o)
                              ./Src/syscalls.o (__errno)
d:/stm32cubeide_1.9.0/stm32cubeide/plugins/com.st.stm32cube.ide.mcu.externaltools.gnu-tools-for-stm32.10.3-2021.10.win32_1.0.200.202301161003/tools/bin/../lib/gcc/arm-none-eabi/10.3.1/../../../../arm-none-eabi/lib/thumb/v7e-m/nofp\libc_nano.a(lib_a-exit.o)
                              d:/stm32cubeide_1.9.0/stm32cubeide/plugins/com.st.stm32cube.ide.mcu.externaltools.gnu-tools-for-stm32.10.3-2021.10.win32_1.0.200.202301161003/tools/bin/../lib/gcc/arm-none-eabi/10.3.1/../../../../arm-none-eabi/lib/thumb/v7e-m/nofp/crt0.o (exit)
d:/stm32cubeide_1.9.0/stm32cubeide/plugins/com.st.stm32cube.ide.mcu.externaltools.gnu-tools-for-stm32.10.3-2021.10.win32_1.0.200.202301161003/tools/bin/../lib/gcc/arm-none-eabi/10.3.1/../../../../arm-none-eabi/lib/thumb/v7e-m/nofp\libc_nano.a(lib_a-impure.o)
                              d:/stm32cubeide_1.9.0/stm32cubeide/plugins/com.st.stm32cube.ide.mcu.externaltools.gnu-tools-for-stm32.10.3-2021.10.win32_1.0.200.202301161003/tools/bin/../lib/gcc/arm-none-eabi/10.3.1/../../../../arm-none-eabi/lib/thumb/v7e-m/nofp\libc_nano.a(lib_a-exit.o) (_global_impure_ptr)
d:/stm32cubeide_1.9.0/stm32cubeide/plugins/com.st.stm32cube.ide.mcu.externaltools.gnu-tools-for-stm32.10.3-2021.10.win32_1.0.200.202301161003/tools/bin/../lib/gcc/arm-none-eabi/10.3.1/../../../../arm-none-eabi/lib/thumb/v7e-m/nofp\libc_nano.a(lib_a-init.o)
                              d:/stm32cubeide_1.9.0/stm32cubeide/plugins/com.st.stm32cube.ide.mcu.externaltools.gnu-tools-for-stm32.10.3-2021.10.win32_1.0.200.202301161003/tools/bin/../lib/gcc/arm-none-eabi/10.3.1/../../../../arm-none-eabi/lib/thumb/v7e-m/nofp/crt0.o (__libc_init_array)
d:/stm32cubeide_1.9.0/stm32cubeide/plugins/com.st.stm32cube.ide.mcu.externaltools.gnu-tools-for-stm32.10.3-2021.10.win32_1.0.200.202301161003/tools/bin/../lib/gcc/arm-none-eabi/10.3.1/../../../../arm-none-eabi/lib/thumb/v7e-m/nofp\libc_nano.a(lib_a-memset.o)
                              d:/stm32cubeide_1.9.0/stm32cubeide/plugins/com.st.stm32cube.ide.mcu.externaltools.gnu-tools-for-stm32.10.3-2021.10.win32_1.0.200.202301161003/tools/bin/../lib/gcc/arm-none-eabi/10.3.1/../../../../arm-none-eabi/lib/thumb/v7e-m/nofp/crt0.o (memset)

Discarded input sections

 .text          0x0000000000000000        0x0 d:/stm32cubeide_1.9.0/stm32cubeide/plugins/com.st.stm32cube.ide.mcu.externaltools.gnu-tools-for-stm32.10.3-2021.10.win32_1.0.200.202301161003/tools/bin/../lib/gcc/arm-none-eabi/10.3.1/thumb/v7e-m/nofp/crti.o
 .data          0x0000000000000000        0x0 d:/stm32cubeide_1.9.0/stm32cubeide/plugins/com.st.stm32cube.ide.mcu.externaltools.gnu-tools-for-stm32.10.3-2021.10.win32_1.0.200.202301161003/tools/bin/../lib/gcc/arm-none-eabi/10.3.1/thumb/v7e-m/nofp/crti.o
 .bss           0x0000000000000000        0x0 d:/stm32cubeide_1.9.0/stm32cubeide/plugins/com.st.stm32cube.ide.mcu.externaltools.gnu-tools-for-stm32.10.3-2021.10.win32_1.0.200.202301161003/tools/bin/../lib/gcc/arm-none-eabi/10.3.1/thumb/v7e-m/nofp/crti.o
 .data          0x0000000000000000        0x4 d:/stm32cubeide_1.9.0/stm32cubeide/plugins/com.st.stm32cube.ide.mcu.externaltools.gnu-tools-for-stm32.10.3-2021.10.win32_1.0.200.202301161003/tools/bin/../lib/gcc/arm-none-eabi/10.3.1/thumb/v7e-m/nofp/crtbegin.o
 .rodata        0x0000000000000000       0x24 d:/stm32cubeide_1.9.0/stm32cubeide/plugins/com.st.stm32cube.ide.mcu.externaltools.gnu-tools-for-stm32.10.3-2021.10.win32_1.0.200.202301161003/tools/bin/../lib/gcc/arm-none-eabi/10.3.1/thumb/v7e-m/nofp/crtbegin.o
 .text          0x0000000000000000       0x7c d:/stm32cubeide_1.9.0/stm32cubeide/plugins/com.st.stm32cube.ide.mcu.externaltools.gnu-tools-for-stm32.10.3-2021.10.win32_1.0.200.202301161003/tools/bin/../lib/gcc/arm-none-eabi/10.3.1/../../../../arm-none-eabi/lib/thumb/v7e-m/nofp/crt0.o
 .data          0x0000000000000000        0x0 d:/stm32cubeide_1.9.0/stm32cubeide/plugins/com.st.stm32cube.ide.mcu.externaltools.gnu-tools-for-stm32.10.3-2021.10.win32_1.0.200.202301161003/tools/bin/../lib/gcc/arm-none-eabi/10.3.1/../../../../arm-none-eabi/lib/thumb/v7e-m/nofp/crt0.o
 .bss           0x0000000000000000        0x0 d:/stm32cubeide_1.9.0/stm32cubeide/plugins/com.st.stm32cube.ide.mcu.externaltools.gnu-tools-for-stm32.10.3-2021.10.win32_1.0.200.202301161003/tools/bin/../lib/gcc/arm-none-eabi/10.3.1/../../../../arm-none-eabi/lib/thumb/v7e-m/nofp/crt0.o
 .ARM.extab     0x0000000000000000        0x0 d:/stm32cubeide_1.9.0/stm32cubeide/plugins/com.st.stm32cube.ide.mcu.externaltools.gnu-tools-for-stm32.10.3-2021.10.win32_1.0.200.202301161003/tools/bin/../lib/gcc/arm-none-eabi/10.3.1/../../../../arm-none-eabi/lib/thumb/v7e-m/nofp/crt0.o
 .ARM.exidx     0x0000000000000000       0x10 d:/stm32cubeide_1.9.0/stm32cubeide/plugins/com.st.stm32cube.ide.mcu.externaltools.gnu-tools-for-stm32.10.3-2021.10.win32_1.0.200.202301161003/tools/bin/../lib/gcc/arm-none-eabi/10.3.1/../../../../arm-none-eabi/lib/thumb/v7e-m/nofp/crt0.o
 .ARM.attributes
                0x0000000000000000       0x1c d:/stm32cubeide_1.9.0/stm32cubeide/plugins/com.st.stm32cube.ide.mcu.externaltools.gnu-tools-for-stm32.10.3-2021.10.win32_1.0.200.202301161003/tools/bin/../lib/gcc/arm-none-eabi/10.3.1/../../../../arm-none-eabi/lib/thumb/v7e-m/nofp/crt0.o
 .group         0x0000000000000000        0xc ./Src/bsp_lcd.o
 .group         0x0000000000000000        0xc ./Src/bsp_lcd.o
 .group         0x0000000000000000        0xc ./Src/bsp_lcd.o
 .group         0x0000000000000000        0xc ./Src/bsp_lcd.o
 .group         0x0000000000000000        0xc ./Src/bsp_lcd.o
 .group         0x0000000000000000        0xc ./Src/bsp_lcd.o
 .group         0x0000000000000000        0xc ./Src/bsp_lcd.o
 .group         0x0000000000000000        0xc ./Src/bsp_lcd.o
 .group         0x0000000000000000        0xc ./Src/bsp_lcd.o
 .group         0x0000000000000000        0xc ./Src/bsp_lcd.o
 .group         0x0000000000000000        0xc ./Src/bsp_lcd.o
 .group         0x0000000000000000        0xc ./Src/bsp_lcd.o
 .group         0x0000000000000000        0xc ./Src/bsp_lcd.o
 .group         0x0000000000000000        0xc ./Src/bsp_lcd.o
 .group         0x0000000000000000        0xc ./Src/bsp_lcd.o
 .group         0x0000000000000000        0xc ./Src/bsp_lcd.o
 .group         0x0000000000000000        0xc ./Src/bsp_lcd.o
 .group         0x0000000000000000        0xc ./Src/bsp_lcd.o
 .group         0x0000000000000000        0xc ./Src/bsp_lcd.o
 .group         0x0000000000000000        0xc ./Src/bsp_lcd.o
 .group         0x0000000000000000        0xc ./Src/bsp_lcd.o
 .group         0x0000000000000000        0xc ./Src/bsp_lcd.o
 .group         0x0000000000000000        0xc ./Src/bsp_lcd.o
 .group         0x0000000000000000        0xc ./Src/bsp_lcd.o
 .group         0x0000000000000000        0xc ./Src/bsp_lcd.o
 .group         0x0000000000000000        0xc ./Src/bsp_lcd.o
 .group         0x0000000000000000        0xc ./Src/bsp_lcd.o
 .group         0x0000000000000000        0xc ./Src/bsp_lcd.o
 .group         0x0000000000000000        0xc ./Src/bsp_lcd.o
 .group         0x0000000000000000        0xc ./Src/bsp_lcd.o
 .group         0x0000000000000000        0xc ./Src/bsp_lcd.o
 .group         0x0000000000000000        0xc ./Src/bsp_lcd.o
 .group         0x0000000000000000        0xc ./Src/bsp_lcd.o
 .group         0x0000000000000000        0xc ./Src/bsp_lcd.o
 .group         0x0000000000000000        0xc ./Src/bsp_lcd.o
 .group         0x0000000000000000        0xc ./Src/bsp_lcd.o
 .group         0x0000000000000000        0xc ./Src/bsp_lcd.o
 .group         0x0000000000000000        0xc ./Src/bsp_lcd.o
 .group         0x0000000000000000        0xc ./Src/bsp_lcd.o
 .group         0x0000000000000000        0xc ./Src/bsp_lcd.o
 .group         0x0000000000000000        0xc ./Src/bsp_lcd.o
 .text          0x0000000000000000        0x0 ./Src/bsp_lcd.o
 .data          0x0000000000000000        0x0 ./Src/bsp_lcd.o
 .bss           0x0000000000000000        0x0 ./Src/bsp_lcd.o
 .group         0x0000000000000000        0xc ./Src/bsp_lcd_ex.o
 .group         0x0000000000000000        0xc ./Src/bsp_lcd_ex.o
 .group         0x0000000000000000        0xc ./Src/bsp_lcd_ex.o
 .group         0x0000000000000000        0xc ./Src/bsp_lcd_ex.o
 .group         0x0000000000000000        0xc ./Src/bsp_lcd_ex.o
 .group         0x0000000000000000        0xc ./Src/bsp_lcd_ex.o
 .group         0x0000000000000000        0xc ./Src/bsp_lcd_ex.o
 .group         0x0000000000000000        0xc ./Src/bsp_lcd_ex.o
 .group         0x0000000000000000        0xc ./Src/bsp_lcd_ex.o
 .group         0x0000000000000000        0xc ./Src/bsp_lcd_ex.o
 .group         0x0000000000000000        0xc ./Src/bsp_lcd_ex.o
 .group         0x0000000000000000        0xc ./Src/bsp_lcd_ex.o
 .group         0x0000000000000000        0xc ./Src/bsp_lcd_ex.o
 .group         0x0000000000000000        0xc ./Src/bsp_lcd_ex.o
 .group         0x0000000000000000        0xc ./Src/bsp_lcd_ex.o
 .group         0x0000000000000000        0xc ./Src/bsp_lcd_ex.o
 .group         0x0000000000000000        0xc ./Src/bsp_lcd_ex.o
 .group         0x0000000000000000        0xc ./Src/bsp_lcd_ex.o
 .group         0x0000000000000000        0xc ./Src/bsp_lcd_ex.o
 .group         0x0000000000000000        0xc ./Src/bsp_lcd_ex.o
 .group         0x0000000000000000        0xc ./Src/bsp_lcd_ex.o
 .group         0x0000000000000000        0xc ./Src/bsp_lcd_ex.o
 .group         0x0000000000000000        0xc ./Src/bsp_lcd_ex.o
 .group         0x0000000000000000        0xc ./Src/bsp_lcd_ex.o
 .group         0x0000000000000000        0xc ./Src/bsp_lcd_ex.o
 .group         0x0000000000000000        0xc ./Src/bsp_lcd_ex.o
 .group         0x0000000000000000        0xc ./Src/bsp_lcd_ex.o
 .group         0x0000000000000000        0xc ./Src/bsp_lcd_ex.o
 .group         0x0000000000000000        0xc ./Src/bsp_lcd_ex.o
 .group         0x0000000000000000        0xc ./Src/bsp_lcd_ex.o
 .group         0x0000000000000000        0xc ./Src/bsp_lcd_ex.o
 .group         0x0000000000000000        0xc ./Src/bsp_lcd_ex.o
 .group         0x0000000000000000        0xc ./Src/bsp_lcd_ex.o
 .group         0x0000000000000000        0xc ./Src/bsp_lcd_ex.o
 .group         0x0000000000000000        0xc ./Src/bsp_lcd_ex.o
 .group         0x0000000000000000        0xc ./Src/bsp_lcd_ex.o
 .group         0x0000000000000000        0xc ./Src/bsp_lcd_ex.o
 .group         0x0000000000000000        0xc ./Src/bsp_lcd_ex.o
 .group         0x0000000000000000        0xc ./Src/bsp_lcd_ex.o
 .group         0x0000000000000000        0xc ./Src/bsp_lcd_ex.o
 .group         0x0000000000000000        0xc ./Src/bsp_lcd_ex.o
 .text          0x0000000000000000        0x0 ./Src/bsp_lcd_ex.o
 .data          0x0000000000000000        0x0 ./Src/bsp_lcd_ex.o
 .bss           0x0000000000000000        0x0 ./Src/bsp_lcd_ex.o
 .text.write_to_fb_rgb888
                0x0000000000000000       0x12 ./Src/bsp_lcd_ex.o
 .text.write_to_fb_rgb666
                0x0000000000000000       0x12 ./Src/bsp_lcd_ex.o
 .debug_macro   0x0000000000000000      0xa78 ./Src/bsp_lcd_ex.o
 .debug_macro   0x0000000000000000       0x4c ./Src/bsp_lcd_ex.o
 .debug_macro   0x0000000000000000       0x22 ./Src/bsp_lcd_ex.o
 .debug_macro   0x0000000000000000       0x8e ./Src/bsp_lcd_ex.o
 .debug_macro   0x0000000000000000       0x51 ./Src/bsp_lcd_ex.o
 .debug_macro   0x0000000000000000      0x103 ./Src/bsp_lcd_ex.o
 .debug_macro   0x0000000000000000       0x6a ./Src/bsp_lcd_ex.o
 .debug_macro   0x0000000000000000      0x1df ./Src/bsp_lcd_ex.o
 .debug_macro   0x0000000000000000    0x17fc7 ./Src/bsp_lcd_ex.o
 .debug_macro   0x0000000000000000       0x3a ./Src/bsp_lcd_ex.o
 .debug_macro   0x0000000000000000       0x52 ./Src/bsp_lcd_ex.o
 .debug_macro   0x0000000000000000       0x18 ./Src/bsp_lcd_ex.o
 .debug_macro   0x0000000000000000       0x3c ./Src/bsp_lcd_ex.o
 .debug_macro   0x0000000000000000       0x34 ./Src/bsp_lcd_ex.o
 .debug_macro   0x0000000000000000       0x16 ./Src/bsp_lcd_ex.o
 .debug_macro   0x0000000000000000       0x97 ./Src/bsp_lcd_ex.o
 .debug_macro   0x0000000000000000      0x341 ./Src/bsp_lcd_ex.o
 .debug_macro   0x0000000000000000       0xfd ./Src/bsp_lcd_ex.o
 .debug_macro   0x0000000000000000       0x10 ./Src/bsp_lcd_ex.o
 .debug_macro   0x0000000000000000       0x16 ./Src/bsp_lcd_ex.o
 .debug_macro   0x0000000000000000       0x43 ./Src/bsp_lcd_ex.o
 .debug_macro   0x0000000000000000       0x34 ./Src/bsp_lcd_ex.o
 .debug_macro   0x0000000000000000       0x10 ./Src/bsp_lcd_ex.o
 .debug_macro   0x0000000000000000       0x58 ./Src/bsp_lcd_ex.o
 .debug_macro   0x0000000000000000       0x71 ./Src/bsp_lcd_ex.o
 .debug_macro   0x0000000000000000       0x1c ./Src/bsp_lcd_ex.o
 .debug_macro   0x0000000000000000      0x12a ./Src/bsp_lcd_ex.o
 .debug_macro   0x0000000000000000       0x10 ./Src/bsp_lcd_ex.o
 .debug_macro   0x0000000000000000       0x1c ./Src/bsp_lcd_ex.o
 .debug_macro   0x0000000000000000       0x52 ./Src/bsp_lcd_ex.o
 .debug_macro   0x0000000000000000       0x22 ./Src/bsp_lcd_ex.o
 .debug_macro   0x0000000000000000       0x10 ./Src/bsp_lcd_ex.o
 .debug_macro   0x0000000000000000       0x52 ./Src/bsp_lcd_ex.o
 .debug_macro   0x0000000000000000       0xd5 ./Src/bsp_lcd_ex.o
 .debug_macro   0x0000000000000000       0x1c ./Src/bsp_lcd_ex.o
 .debug_macro   0x0000000000000000       0x3d ./Src/bsp_lcd_ex.o
 .debug_macro   0x0000000000000000       0x16 ./Src/bsp_lcd_ex.o
 .debug_macro   0x0000000000000000      0x145 ./Src/bsp_lcd_ex.o
 .debug_macro   0x0000000000000000      0x1f0 ./Src/bsp_lcd_ex.o
 .debug_macro   0x0000000000000000      0x172 ./Src/bsp_lcd_ex.o
 .debug_macro   0x0000000000000000       0xa0 ./Src/bsp_lcd_ex.o
 .group         0x0000000000000000        0xc ./Src/main.o
 .group         0x0000000000000000        0xc ./Src/main.o
 .group         0x0000000000000000        0xc ./Src/main.o
 .group         0x0000000000000000        0xc ./Src/main.o
 .group         0x0000000000000000        0xc ./Src/main.o
 .group         0x0000000000000000        0xc ./Src/main.o
 .group         0x0000000000000000        0xc ./Src/main.o
 .group         0x0000000000000000        0xc ./Src/main.o
 .group         0x0000000000000000        0xc ./Src/main.o
 .group         0x0000000000000000        0xc ./Src/main.o
 .group         0x0000000000000000        0xc ./Src/main.o
 .group         0x0000000000000000        0xc ./Src/main.o
 .group         0x0000000000000000        0xc ./Src/main.o
 .group         0x0000000000000000        0xc ./Src/main.o
 .group         0x0000000000000000        0xc ./Src/main.o
 .group         0x0000000000000000        0xc ./Src/main.o
 .group         0x0000000000000000        0xc ./Src/main.o
 .group         0x0000000000000000        0xc ./Src/main.o
 .group         0x0000000000000000        0xc ./Src/main.o
 .group         0x0000000000000000        0xc ./Src/main.o
 .group         0x0000000000000000        0xc ./Src/main.o
 .group         0x0000000000000000        0xc ./Src/main.o
 .group         0x0000000000000000        0xc ./Src/main.o
 .group         0x0000000000000000        0xc ./Src/main.o
 .group         0x0000000000000000        0xc ./Src/main.o
 .group         0x0000000000000000        0xc ./Src/main.o
 .group         0x0000000000000000        0xc ./Src/main.o
 .group         0x0000000000000000        0xc ./Src/main.o
 .group         0x0000000000000000        0xc ./Src/main.o
 .group         0x0000000000000000        0xc ./Src/main.o
 .group         0x0000000000000000        0xc ./Src/main.o
 .group         0x0000000000000000        0xc ./Src/main.o
 .group         0x0000000000000000        0xc ./Src/main.o
 .group         0x0000000000000000        0xc ./Src/main.o
 .group         0x0000000000000000        0xc ./Src/main.o
 .group         0x0000000000000000        0xc ./Src/main.o
 .group         0x0000000000000000        0xc ./Src/main.o
 .group         0x0000000000000000        0xc ./Src/main.o
 .group         0x0000000000000000        0xc ./Src/main.o
 .group         0x0000000000000000        0xc ./Src/main.o
 .text          0x0000000000000000        0x0 ./Src/main.o
 .data          0x0000000000000000        0x0 ./Src/main.o
 .bss           0x0000000000000000        0x0 ./Src/main.o
 .debug_macro   0x0000000000000000      0xa78 ./Src/main.o
 .debug_macro   0x0000000000000000       0x22 ./Src/main.o
 .debug_macro   0x0000000000000000       0x8e ./Src/main.o
 .debug_macro   0x0000000000000000       0x51 ./Src/main.o
 .debug_macro   0x0000000000000000      0x103 ./Src/main.o
 .debug_macro   0x0000000000000000       0x6a ./Src/main.o
 .debug_macro   0x0000000000000000      0x1df ./Src/main.o
 .debug_macro   0x0000000000000000       0x3a ./Src/main.o
 .debug_macro   0x0000000000000000       0x52 ./Src/main.o
 .debug_macro   0x0000000000000000       0x18 ./Src/main.o
 .debug_macro   0x0000000000000000       0x3c ./Src/main.o
 .debug_macro   0x0000000000000000       0x34 ./Src/main.o
 .debug_macro   0x0000000000000000       0x16 ./Src/main.o
 .debug_macro   0x0000000000000000       0x97 ./Src/main.o
 .debug_macro   0x0000000000000000      0x341 ./Src/main.o
 .debug_macro   0x0000000000000000       0xfd ./Src/main.o
 .debug_macro   0x0000000000000000       0x10 ./Src/main.o
 .debug_macro   0x0000000000000000       0x16 ./Src/main.o
 .debug_macro   0x0000000000000000       0x43 ./Src/main.o
 .debug_macro   0x0000000000000000       0x34 ./Src/main.o
 .debug_macro   0x0000000000000000       0x10 ./Src/main.o
 .debug_macro   0x0000000000000000       0x58 ./Src/main.o
 .debug_macro   0x0000000000000000       0x71 ./Src/main.o
 .debug_macro   0x0000000000000000       0x1c ./Src/main.o
 .debug_macro   0x0000000000000000      0x12a ./Src/main.o
 .debug_macro   0x0000000000000000       0x10 ./Src/main.o
 .debug_macro   0x0000000000000000       0x1c ./Src/main.o
 .debug_macro   0x0000000000000000       0x52 ./Src/main.o
 .debug_macro   0x0000000000000000       0x22 ./Src/main.o
 .debug_macro   0x0000000000000000       0x10 ./Src/main.o
 .debug_macro   0x0000000000000000       0x52 ./Src/main.o
 .debug_macro   0x0000000000000000       0xd5 ./Src/main.o
 .debug_macro   0x0000000000000000       0x1c ./Src/main.o
 .debug_macro   0x0000000000000000       0x3d ./Src/main.o
 .debug_macro   0x0000000000000000       0x16 ./Src/main.o
 .debug_macro   0x0000000000000000      0x145 ./Src/main.o
 .debug_macro   0x0000000000000000      0x1f0 ./Src/main.o
 .debug_macro   0x0000000000000000      0x172 ./Src/main.o
 .debug_macro   0x0000000000000000       0xa0 ./Src/main.o
 .group         0x0000000000000000        0xc ./Src/syscalls.o
 .group         0x0000000000000000        0xc ./Src/syscalls.o
 .group         0x0000000000000000        0xc ./Src/syscalls.o
 .group         0x0000000000000000        0xc ./Src/syscalls.o
 .group         0x0000000000000000        0xc ./Src/syscalls.o
 .group         0x0000000000000000        0xc ./Src/syscalls.o
 .group         0x0000000000000000        0xc ./Src/syscalls.o
 .group         0x0000000000000000        0xc ./Src/syscalls.o
 .group         0x0000000000000000        0xc ./Src/syscalls.o
 .group         0x0000000000000000        0xc ./Src/syscalls.o
 .group         0x0000000000000000        0xc ./Src/syscalls.o
 .group         0x0000000000000000        0xc ./Src/syscalls.o
 .group         0x0000000000000000        0xc ./Src/syscalls.o
 .group         0x0000000000000000        0xc ./Src/syscalls.o
 .group         0x0000000000000000        0xc ./Src/syscalls.o
 .group         0x0000000000000000        0xc ./Src/syscalls.o
 .group         0x0000000000000000        0xc ./Src/syscalls.o
 .group         0x0000000000000000        0xc ./Src/syscalls.o
 .group         0x0000000000000000        0xc ./Src/syscalls.o
 .group         0x0000000000000000        0xc ./Src/syscalls.o
 .group         0x0000000000000000        0xc ./Src/syscalls.o
 .group         0x0000000000000000        0xc ./Src/syscalls.o
 .group         0x0000000000000000        0xc ./Src/syscalls.o
 .group         0x0000000000000000        0xc ./Src/syscalls.o
 .group         0x0000000000000000        0xc ./Src/syscalls.o
 .group         0x0000000000000000        0xc ./Src/syscalls.o
 .group         0x0000000000000000        0xc ./Src/syscalls.o
 .group         0x0000000000000000        0xc ./Src/syscalls.o
 .group         0x0000000000000000        0xc ./Src/syscalls.o
 .group         0x0000000000000000        0xc ./Src/syscalls.o
 .group         0x0000000000000000        0xc ./Src/syscalls.o
 .group         0x0000000000000000        0xc ./Src/syscalls.o
 .group         0x0000000000000000        0xc ./Src/syscalls.o
 .group         0x0000000000000000        0xc ./Src/syscalls.o
 .group         0x0000000000000000        0xc ./Src/syscalls.o
 .group         0x0000000000000000        0xc ./Src/syscalls.o
 .group         0x0000000000000000        0xc ./Src/syscalls.o
 .group         0x0000000000000000        0xc ./Src/syscalls.o
 .group         0x0000000000000000        0xc ./Src/syscalls.o
 .group         0x0000000000000000        0xc ./Src/syscalls.o
 .group         0x0000000000000000        0xc ./Src/syscalls.o
 .group         0x0000000000000000        0xc ./Src/syscalls.o
 .group         0x0000000000000000        0xc ./Src/syscalls.o
 .group         0x0000000000000000        0xc ./Src/syscalls.o
 .group         0x0000000000000000        0xc ./Src/syscalls.o
 .group         0x0000000000000000        0xc ./Src/syscalls.o
 .group         0x0000000000000000        0xc ./Src/syscalls.o
 .text          0x0000000000000000        0x0 ./Src/syscalls.o
 .data          0x0000000000000000        0x0 ./Src/syscalls.o
 .bss           0x0000000000000000        0x0 ./Src/syscalls.o
 .bss.__env     0x0000000000000000        0x4 ./Src/syscalls.o
 .data.environ  0x0000000000000000        0x4 ./Src/syscalls.o
 .text.initialise_monitor_handles
                0x0000000000000000        0xc ./Src/syscalls.o
 .text._getpid  0x0000000000000000        0xe ./Src/syscalls.o
 .text._kill    0x0000000000000000       0x20 ./Src/syscalls.o
 .text._exit    0x0000000000000000       0x14 ./Src/syscalls.o
 .text._read    0x0000000000000000       0x3a ./Src/syscalls.o
 .text._write   0x0000000000000000       0x38 ./Src/syscalls.o
 .text._close   0x0000000000000000       0x16 ./Src/syscalls.o
 .text._fstat   0x0000000000000000       0x1e ./Src/syscalls.o
 .text._isatty  0x0000000000000000       0x14 ./Src/syscalls.o
 .text._lseek   0x0000000000000000       0x18 ./Src/syscalls.o
 .text._open    0x0000000000000000       0x1a ./Src/syscalls.o
 .text._wait    0x0000000000000000       0x1e ./Src/syscalls.o
 .text._unlink  0x0000000000000000       0x1e ./Src/syscalls.o
 .text._times   0x0000000000000000       0x16 ./Src/syscalls.o
 .text._stat    0x0000000000000000       0x1e ./Src/syscalls.o
 .text._link    0x0000000000000000       0x20 ./Src/syscalls.o
 .text._fork    0x0000000000000000       0x16 ./Src/syscalls.o
 .text._execve  0x0000000000000000       0x22 ./Src/syscalls.o
 .debug_info    0x0000000000000000      0x6e0 ./Src/syscalls.o
 .debug_abbrev  0x0000000000000000      0x1b3 ./Src/syscalls.o
 .debug_aranges
                0x0000000000000000       0xa8 ./Src/syscalls.o
 .debug_ranges  0x0000000000000000       0x98 ./Src/syscalls.o
 .debug_macro   0x0000000000000000      0x24c ./Src/syscalls.o
 .debug_macro   0x0000000000000000      0xa78 ./Src/syscalls.o
 .debug_macro   0x0000000000000000       0x22 ./Src/syscalls.o
 .debug_macro   0x0000000000000000       0x4c ./Src/syscalls.o
 .debug_macro   0x0000000000000000       0x18 ./Src/syscalls.o
 .debug_macro   0x0000000000000000       0x94 ./Src/syscalls.o
 .debug_macro   0x0000000000000000       0x3c ./Src/syscalls.o
 .debug_macro   0x0000000000000000       0x34 ./Src/syscalls.o
 .debug_macro   0x0000000000000000       0x57 ./Src/syscalls.o
 .debug_macro   0x0000000000000000      0x174 ./Src/syscalls.o
 .debug_macro   0x0000000000000000      0x341 ./Src/syscalls.o
 .debug_macro   0x0000000000000000       0x16 ./Src/syscalls.o
 .debug_macro   0x0000000000000000       0x43 ./Src/syscalls.o
 .debug_macro   0x0000000000000000       0x34 ./Src/syscalls.o
 .debug_macro   0x0000000000000000       0x10 ./Src/syscalls.o
 .debug_macro   0x0000000000000000       0x58 ./Src/syscalls.o
 .debug_macro   0x0000000000000000       0x71 ./Src/syscalls.o
 .debug_macro   0x0000000000000000       0x1c ./Src/syscalls.o
 .debug_macro   0x0000000000000000      0x12a ./Src/syscalls.o
 .debug_macro   0x0000000000000000       0x10 ./Src/syscalls.o
 .debug_macro   0x0000000000000000       0x35 ./Src/syscalls.o
 .debug_macro   0x0000000000000000       0x10 ./Src/syscalls.o
 .debug_macro   0x0000000000000000       0x10 ./Src/syscalls.o
 .debug_macro   0x0000000000000000       0x10 ./Src/syscalls.o
 .debug_macro   0x0000000000000000       0x6a ./Src/syscalls.o
 .debug_macro   0x0000000000000000       0x1c ./Src/syscalls.o
 .debug_macro   0x0000000000000000       0x52 ./Src/syscalls.o
 .debug_macro   0x0000000000000000       0x22 ./Src/syscalls.o
 .debug_macro   0x0000000000000000       0x10 ./Src/syscalls.o
 .debug_macro   0x0000000000000000       0x52 ./Src/syscalls.o
 .debug_macro   0x0000000000000000       0xd5 ./Src/syscalls.o
 .debug_macro   0x0000000000000000       0x1c ./Src/syscalls.o
 .debug_macro   0x0000000000000000       0x3d ./Src/syscalls.o
 .debug_macro   0x0000000000000000       0x35 ./Src/syscalls.o
 .debug_macro   0x0000000000000000      0x12c ./Src/syscalls.o
 .debug_macro   0x0000000000000000       0x16 ./Src/syscalls.o
 .debug_macro   0x0000000000000000       0x16 ./Src/syscalls.o
 .debug_macro   0x0000000000000000       0x29 ./Src/syscalls.o
 .debug_macro   0x0000000000000000       0x10 ./Src/syscalls.o
 .debug_macro   0x0000000000000000      0x241 ./Src/syscalls.o
 .debug_macro   0x0000000000000000       0x1c ./Src/syscalls.o
 .debug_macro   0x0000000000000000       0x10 ./Src/syscalls.o
 .debug_macro   0x0000000000000000       0x10 ./Src/syscalls.o
 .debug_macro   0x0000000000000000       0x16 ./Src/syscalls.o
 .debug_macro   0x0000000000000000      0x145 ./Src/syscalls.o
 .debug_macro   0x0000000000000000      0x189 ./Src/syscalls.o
 .debug_macro   0x0000000000000000       0x16 ./Src/syscalls.o
 .debug_macro   0x0000000000000000       0xce ./Src/syscalls.o
 .debug_line    0x0000000000000000      0x7e5 ./Src/syscalls.o
 .debug_str     0x0000000000000000     0x8a4d ./Src/syscalls.o
 .comment       0x0000000000000000       0x51 ./Src/syscalls.o
 .debug_frame   0x0000000000000000      0x2ac ./Src/syscalls.o
 .ARM.attributes
                0x0000000000000000       0x2e ./Src/syscalls.o
 .group         0x0000000000000000        0xc ./Src/sysmem.o
 .group         0x0000000000000000        0xc ./Src/sysmem.o
 .group         0x0000000000000000        0xc ./Src/sysmem.o
 .group         0x0000000000000000        0xc ./Src/sysmem.o
 .group         0x0000000000000000        0xc ./Src/sysmem.o
 .group         0x0000000000000000        0xc ./Src/sysmem.o
 .group         0x0000000000000000        0xc ./Src/sysmem.o
 .group         0x0000000000000000        0xc ./Src/sysmem.o
 .group         0x0000000000000000        0xc ./Src/sysmem.o
 .group         0x0000000000000000        0xc ./Src/sysmem.o
 .group         0x0000000000000000        0xc ./Src/sysmem.o
 .group         0x0000000000000000        0xc ./Src/sysmem.o
 .group         0x0000000000000000        0xc ./Src/sysmem.o
 .group         0x0000000000000000        0xc ./Src/sysmem.o
 .group         0x0000000000000000        0xc ./Src/sysmem.o
 .group         0x0000000000000000        0xc ./Src/sysmem.o
 .group         0x0000000000000000        0xc ./Src/sysmem.o
 .group         0x0000000000000000        0xc ./Src/sysmem.o
 .group         0x0000000000000000        0xc ./Src/sysmem.o
 .group         0x0000000000000000        0xc ./Src/sysmem.o
 .group         0x0000000000000000        0xc ./Src/sysmem.o
 .group         0x0000000000000000        0xc ./Src/sysmem.o
 .text          0x0000000000000000        0x0 ./Src/sysmem.o
 .data          0x0000000000000000        0x0 ./Src/sysmem.o
 .bss           0x0000000000000000        0x0 ./Src/sysmem.o
 .bss.__sbrk_heap_end
                0x0000000000000000        0x4 ./Src/sysmem.o
 .text._sbrk    0x0000000000000000       0x6c ./Src/sysmem.o
 .debug_info    0x0000000000000000      0x171 ./Src/sysmem.o
 .debug_abbrev  0x0000000000000000       0xbb ./Src/sysmem.o
 .debug_aranges
                0x0000000000000000       0x20 ./Src/sysmem.o
 .debug_ranges  0x0000000000000000       0x10 ./Src/sysmem.o
 .debug_macro   0x0000000000000000       0xff ./Src/sysmem.o
 .debug_macro   0x0000000000000000      0xa78 ./Src/sysmem.o
 .debug_macro   0x0000000000000000       0x10 ./Src/sysmem.o
 .debug_macro   0x0000000000000000       0x22 ./Src/sysmem.o
 .debug_macro   0x0000000000000000       0x4c ./Src/sysmem.o
 .debug_macro   0x0000000000000000       0x18 ./Src/sysmem.o
 .debug_macro   0x0000000000000000       0x94 ./Src/sysmem.o
 .debug_macro   0x0000000000000000       0x3c ./Src/sysmem.o
 .debug_macro   0x0000000000000000       0x34 ./Src/sysmem.o
 .debug_macro   0x0000000000000000      0x174 ./Src/sysmem.o
 .debug_macro   0x0000000000000000       0x16 ./Src/sysmem.o
 .debug_macro   0x0000000000000000       0x43 ./Src/sysmem.o
 .debug_macro   0x0000000000000000       0x57 ./Src/sysmem.o
 .debug_macro   0x0000000000000000       0x34 ./Src/sysmem.o
 .debug_macro   0x0000000000000000       0x10 ./Src/sysmem.o
 .debug_macro   0x0000000000000000       0x58 ./Src/sysmem.o
 .debug_macro   0x0000000000000000       0x71 ./Src/sysmem.o
 .debug_macro   0x0000000000000000       0x1c ./Src/sysmem.o
 .debug_macro   0x0000000000000000      0x12a ./Src/sysmem.o
 .debug_macro   0x0000000000000000      0x23b ./Src/sysmem.o
 .debug_macro   0x0000000000000000      0x103 ./Src/sysmem.o
 .debug_macro   0x0000000000000000       0x6a ./Src/sysmem.o
 .debug_macro   0x0000000000000000      0x1df ./Src/sysmem.o
 .debug_line    0x0000000000000000      0x4db ./Src/sysmem.o
 .debug_str     0x0000000000000000     0x5d89 ./Src/sysmem.o
 .comment       0x0000000000000000       0x51 ./Src/sysmem.o
 .debug_frame   0x0000000000000000       0x34 ./Src/sysmem.o
 .ARM.attributes
                0x0000000000000000       0x2e ./Src/sysmem.o
 .text          0x0000000000000000       0x14 ./Startup/startup_stm32f429zitx.o
 .data          0x0000000000000000        0x0 ./Startup/startup_stm32f429zitx.o
 .bss           0x0000000000000000        0x0 ./Startup/startup_stm32f429zitx.o
 .text          0x0000000000000000        0x0 d:/stm32cubeide_1.9.0/stm32cubeide/plugins/com.st.stm32cube.ide.mcu.externaltools.gnu-tools-for-stm32.10.3-2021.10.win32_1.0.200.202301161003/tools/bin/../lib/gcc/arm-none-eabi/10.3.1/../../../../arm-none-eabi/lib/thumb/v7e-m/nofp\libc_nano.a(lib_a-errno.o)
 .data          0x0000000000000000        0x0 d:/stm32cubeide_1.9.0/stm32cubeide/plugins/com.st.stm32cube.ide.mcu.externaltools.gnu-tools-for-stm32.10.3-2021.10.win32_1.0.200.202301161003/tools/bin/../lib/gcc/arm-none-eabi/10.3.1/../../../../arm-none-eabi/lib/thumb/v7e-m/nofp\libc_nano.a(lib_a-errno.o)
 .bss           0x0000000000000000        0x0 d:/stm32cubeide_1.9.0/stm32cubeide/plugins/com.st.stm32cube.ide.mcu.externaltools.gnu-tools-for-stm32.10.3-2021.10.win32_1.0.200.202301161003/tools/bin/../lib/gcc/arm-none-eabi/10.3.1/../../../../arm-none-eabi/lib/thumb/v7e-m/nofp\libc_nano.a(lib_a-errno.o)
 .text.__errno  0x0000000000000000        0xc d:/stm32cubeide_1.9.0/stm32cubeide/plugins/com.st.stm32cube.ide.mcu.externaltools.gnu-tools-for-stm32.10.3-2021.10.win32_1.0.200.202301161003/tools/bin/../lib/gcc/arm-none-eabi/10.3.1/../../../../arm-none-eabi/lib/thumb/v7e-m/nofp\libc_nano.a(lib_a-errno.o)
 .debug_frame   0x0000000000000000       0x20 d:/stm32cubeide_1.9.0/stm32cubeide/plugins/com.st.stm32cube.ide.mcu.externaltools.gnu-tools-for-stm32.10.3-2021.10.win32_1.0.200.202301161003/tools/bin/../lib/gcc/arm-none-eabi/10.3.1/../../../../arm-none-eabi/lib/thumb/v7e-m/nofp\libc_nano.a(lib_a-errno.o)
 .ARM.attributes
                0x0000000000000000       0x2e d:/stm32cubeide_1.9.0/stm32cubeide/plugins/com.st.stm32cube.ide.mcu.externaltools.gnu-tools-for-stm32.10.3-2021.10.win32_1.0.200.202301161003/tools/bin/../lib/gcc/arm-none-eabi/10.3.1/../../../../arm-none-eabi/lib/thumb/v7e-m/nofp\libc_nano.a(lib_a-errno.o)
 .text          0x0000000000000000        0x0 d:/stm32cubeide_1.9.0/stm32cubeide/plugins/com.st.stm32cube.ide.mcu.externaltools.gnu-tools-for-stm32.10.3-2021.10.win32_1.0.200.202301161003/tools/bin/../lib/gcc/arm-none-eabi/10.3.1/../../../../arm-none-eabi/lib/thumb/v7e-m/nofp\libc_nano.a(lib_a-exit.o)
 .data          0x0000000000000000        0x0 d:/stm32cubeide_1.9.0/stm32cubeide/plugins/com.st.stm32cube.ide.mcu.externaltools.gnu-tools-for-stm32.10.3-2021.10.win32_1.0.200.202301161003/tools/bin/../lib/gcc/arm-none-eabi/10.3.1/../../../../arm-none-eabi/lib/thumb/v7e-m/nofp\libc_nano.a(lib_a-exit.o)
 .bss           0x0000000000000000        0x0 d:/stm32cubeide_1.9.0/stm32cubeide/plugins/com.st.stm32cube.ide.mcu.externaltools.gnu-tools-for-stm32.10.3-2021.10.win32_1.0.200.202301161003/tools/bin/../lib/gcc/arm-none-eabi/10.3.1/../../../../arm-none-eabi/lib/thumb/v7e-m/nofp\libc_nano.a(lib_a-exit.o)
 .text.exit     0x0000000000000000       0x28 d:/stm32cubeide_1.9.0/stm32cubeide/plugins/com.st.stm32cube.ide.mcu.externaltools.gnu-tools-for-stm32.10.3-2021.10.win32_1.0.200.202301161003/tools/bin/../lib/gcc/arm-none-eabi/10.3.1/../../../../arm-none-eabi/lib/thumb/v7e-m/nofp\libc_nano.a(lib_a-exit.o)
 .debug_frame   0x0000000000000000       0x28 d:/stm32cubeide_1.9.0/stm32cubeide/plugins/com.st.stm32cube.ide.mcu.externaltools.gnu-tools-for-stm32.10.3-2021.10.win32_1.0.200.202301161003/tools/bin/../lib/gcc/arm-none-eabi/10.3.1/../../../../arm-none-eabi/lib/thumb/v7e-m/nofp\libc_nano.a(lib_a-exit.o)
 .ARM.attributes
                0x0000000000000000       0x2e d:/stm32cubeide_1.9.0/stm32cubeide/plugins/com.st.stm32cube.ide.mcu.externaltools.gnu-tools-for-stm32.10.3-2021.10.win32_1.0.200.202301161003/tools/bin/../lib/gcc/arm-none-eabi/10.3.1/../../../../arm-none-eabi/lib/thumb/v7e-m/nofp\libc_nano.a(lib_a-exit.o)
 .text          0x0000000000000000        0x0 d:/stm32cubeide_1.9.0/stm32cubeide/plugins/com.st.stm32cube.ide.mcu.externaltools.gnu-tools-for-stm32.10.3-2021.10.win32_1.0.200.202301161003/tools/bin/../lib/gcc/arm-none-eabi/10.3.1/../../../../arm-none-eabi/lib/thumb/v7e-m/nofp\libc_nano.a(lib_a-impure.o)
 .data          0x0000000000000000        0x0 d:/stm32cubeide_1.9.0/stm32cubeide/plugins/com.st.stm32cube.ide.mcu.externaltools.gnu-tools-for-stm32.10.3-2021.10.win32_1.0.200.202301161003/tools/bin/../lib/gcc/arm-none-eabi/10.3.1/../../../../arm-none-eabi/lib/thumb/v7e-m/nofp\libc_nano.a(lib_a-impure.o)
 .bss           0x0000000000000000        0x0 d:/stm32cubeide_1.9.0/stm32cubeide/plugins/com.st.stm32cube.ide.mcu.externaltools.gnu-tools-for-stm32.10.3-2021.10.win32_1.0.200.202301161003/tools/bin/../lib/gcc/arm-none-eabi/10.3.1/../../../../arm-none-eabi/lib/thumb/v7e-m/nofp\libc_nano.a(lib_a-impure.o)
 .data._impure_ptr
                0x0000000000000000        0x4 d:/stm32cubeide_1.9.0/stm32cubeide/plugins/com.st.stm32cube.ide.mcu.externaltools.gnu-tools-for-stm32.10.3-2021.10.win32_1.0.200.202301161003/tools/bin/../lib/gcc/arm-none-eabi/10.3.1/../../../../arm-none-eabi/lib/thumb/v7e-m/nofp\libc_nano.a(lib_a-impure.o)
 .data.impure_data
                0x0000000000000000       0x60 d:/stm32cubeide_1.9.0/stm32cubeide/plugins/com.st.stm32cube.ide.mcu.externaltools.gnu-tools-for-stm32.10.3-2021.10.win32_1.0.200.202301161003/tools/bin/../lib/gcc/arm-none-eabi/10.3.1/../../../../arm-none-eabi/lib/thumb/v7e-m/nofp\libc_nano.a(lib_a-impure.o)
 .rodata._global_impure_ptr
                0x0000000000000000        0x4 d:/stm32cubeide_1.9.0/stm32cubeide/plugins/com.st.stm32cube.ide.mcu.externaltools.gnu-tools-for-stm32.10.3-2021.10.win32_1.0.200.202301161003/tools/bin/../lib/gcc/arm-none-eabi/10.3.1/../../../../arm-none-eabi/lib/thumb/v7e-m/nofp\libc_nano.a(lib_a-impure.o)
 .ARM.attributes
                0x0000000000000000       0x2e d:/stm32cubeide_1.9.0/stm32cubeide/plugins/com.st.stm32cube.ide.mcu.externaltools.gnu-tools-for-stm32.10.3-2021.10.win32_1.0.200.202301161003/tools/bin/../lib/gcc/arm-none-eabi/10.3.1/../../../../arm-none-eabi/lib/thumb/v7e-m/nofp\libc_nano.a(lib_a-impure.o)
 .text          0x0000000000000000        0x0 d:/stm32cubeide_1.9.0/stm32cubeide/plugins/com.st.stm32cube.ide.mcu.externaltools.gnu-tools-for-stm32.10.3-2021.10.win32_1.0.200.202301161003/tools/bin/../lib/gcc/arm-none-eabi/10.3.1/../../../../arm-none-eabi/lib/thumb/v7e-m/nofp\libc_nano.a(lib_a-init.o)
 .data          0x0000000000000000        0x0 d:/stm32cubeide_1.9.0/stm32cubeide/plugins/com.st.stm32cube.ide.mcu.externaltools.gnu-tools-for-stm32.10.3-2021.10.win32_1.0.200.202301161003/tools/bin/../lib/gcc/arm-none-eabi/10.3.1/../../../../arm-none-eabi/lib/thumb/v7e-m/nofp\libc_nano.a(lib_a-init.o)
 .bss           0x0000000000000000        0x0 d:/stm32cubeide_1.9.0/stm32cubeide/plugins/com.st.stm32cube.ide.mcu.externaltools.gnu-tools-for-stm32.10.3-2021.10.win32_1.0.200.202301161003/tools/bin/../lib/gcc/arm-none-eabi/10.3.1/../../../../arm-none-eabi/lib/thumb/v7e-m/nofp\libc_nano.a(lib_a-init.o)
 .text          0x0000000000000000        0x0 d:/stm32cubeide_1.9.0/stm32cubeide/plugins/com.st.stm32cube.ide.mcu.externaltools.gnu-tools-for-stm32.10.3-2021.10.win32_1.0.200.202301161003/tools/bin/../lib/gcc/arm-none-eabi/10.3.1/../../../../arm-none-eabi/lib/thumb/v7e-m/nofp\libc_nano.a(lib_a-memset.o)
 .data          0x0000000000000000        0x0 d:/stm32cubeide_1.9.0/stm32cubeide/plugins/com.st.stm32cube.ide.mcu.externaltools.gnu-tools-for-stm32.10.3-2021.10.win32_1.0.200.202301161003/tools/bin/../lib/gcc/arm-none-eabi/10.3.1/../../../../arm-none-eabi/lib/thumb/v7e-m/nofp\libc_nano.a(lib_a-memset.o)
 .bss           0x0000000000000000        0x0 d:/stm32cubeide_1.9.0/stm32cubeide/plugins/com.st.stm32cube.ide.mcu.externaltools.gnu-tools-for-stm32.10.3-2021.10.win32_1.0.200.202301161003/tools/bin/../lib/gcc/arm-none-eabi/10.3.1/../../../../arm-none-eabi/lib/thumb/v7e-m/nofp\libc_nano.a(lib_a-memset.o)
 .text.memset   0x0000000000000000       0x10 d:/stm32cubeide_1.9.0/stm32cubeide/plugins/com.st.stm32cube.ide.mcu.externaltools.gnu-tools-for-stm32.10.3-2021.10.win32_1.0.200.202301161003/tools/bin/../lib/gcc/arm-none-eabi/10.3.1/../../../../arm-none-eabi/lib/thumb/v7e-m/nofp\libc_nano.a(lib_a-memset.o)
 .debug_frame   0x0000000000000000       0x20 d:/stm32cubeide_1.9.0/stm32cubeide/plugins/com.st.stm32cube.ide.mcu.externaltools.gnu-tools-for-stm32.10.3-2021.10.win32_1.0.200.202301161003/tools/bin/../lib/gcc/arm-none-eabi/10.3.1/../../../../arm-none-eabi/lib/thumb/v7e-m/nofp\libc_nano.a(lib_a-memset.o)
 .ARM.attributes
                0x0000000000000000       0x2e d:/stm32cubeide_1.9.0/stm32cubeide/plugins/com.st.stm32cube.ide.mcu.externaltools.gnu-tools-for-stm32.10.3-2021.10.win32_1.0.200.202301161003/tools/bin/../lib/gcc/arm-none-eabi/10.3.1/../../../../arm-none-eabi/lib/thumb/v7e-m/nofp\libc_nano.a(lib_a-memset.o)
 .text          0x0000000000000000        0x0 d:/stm32cubeide_1.9.0/stm32cubeide/plugins/com.st.stm32cube.ide.mcu.externaltools.gnu-tools-for-stm32.10.3-2021.10.win32_1.0.200.202301161003/tools/bin/../lib/gcc/arm-none-eabi/10.3.1/thumb/v7e-m/nofp/crtend.o
 .data          0x0000000000000000        0x0 d:/stm32cubeide_1.9.0/stm32cubeide/plugins/com.st.stm32cube.ide.mcu.externaltools.gnu-tools-for-stm32.10.3-2021.10.win32_1.0.200.202301161003/tools/bin/../lib/gcc/arm-none-eabi/10.3.1/thumb/v7e-m/nofp/crtend.o
 .bss           0x0000000000000000        0x0 d:/stm32cubeide_1.9.0/stm32cubeide/plugins/com.st.stm32cube.ide.mcu.externaltools.gnu-tools-for-stm32.10.3-2021.10.win32_1.0.200.202301161003/tools/bin/../lib/gcc/arm-none-eabi/10.3.1/thumb/v7e-m/nofp/crtend.o
 .rodata        0x0000000000000000       0x24 d:/stm32cubeide_1.9.0/stm32cubeide/plugins/com.st.stm32cube.ide.mcu.externaltools.gnu-tools-for-stm32.10.3-2021.10.win32_1.0.200.202301161003/tools/bin/../lib/gcc/arm-none-eabi/10.3.1/thumb/v7e-m/nofp/crtend.o
 .eh_frame      0x0000000000000000        0x4 d:/stm32cubeide_1.9.0/stm32cubeide/plugins/com.st.stm32cube.ide.mcu.externaltools.gnu-tools-for-stm32.10.3-2021.10.win32_1.0.200.202301161003/tools/bin/../lib/gcc/arm-none-eabi/10.3.1/thumb/v7e-m/nofp/crtend.o
 .ARM.attributes
                0x0000000000000000       0x2e d:/stm32cubeide_1.9.0/stm32cubeide/plugins/com.st.stm32cube.ide.mcu.externaltools.gnu-tools-for-stm32.10.3-2021.10.win32_1.0.200.202301161003/tools/bin/../lib/gcc/arm-none-eabi/10.3.1/thumb/v7e-m/nofp/crtend.o
 .text          0x0000000000000000        0x0 d:/stm32cubeide_1.9.0/stm32cubeide/plugins/com.st.stm32cube.ide.mcu.externaltools.gnu-tools-for-stm32.10.3-2021.10.win32_1.0.200.202301161003/tools/bin/../lib/gcc/arm-none-eabi/10.3.1/thumb/v7e-m/nofp/crtn.o
 .data          0x0000000000000000        0x0 d:/stm32cubeide_1.9.0/stm32cubeide/plugins/com.st.stm32cube.ide.mcu.externaltools.gnu-tools-for-stm32.10.3-2021.10.win32_1.0.200.202301161003/tools/bin/../lib/gcc/arm-none-eabi/10.3.1/thumb/v7e-m/nofp/crtn.o
 .bss           0x0000000000000000        0x0 d:/stm32cubeide_1.9.0/stm32cubeide/plugins/com.st.stm32cube.ide.mcu.externaltools.gnu-tools-for-stm32.10.3-2021.10.win32_1.0.200.202301161003/tools/bin/../lib/gcc/arm-none-eabi/10.3.1/thumb/v7e-m/nofp/crtn.o

Memory Configuration

Name             Origin             Length             Attributes
CCMRAM           0x0000000010000000 0x0000000000010000 xrw
RAM              0x0000000020000000 0x0000000000030000 xrw
FLASH            0x0000000008000000 0x0000000000200000 xr
*default*        0x0000000000000000 0xffffffffffffffff

Linker script and memory map

LOAD d:/stm32cubeide_1.9.0/stm32cubeide/plugins/com.st.stm32cube.ide.mcu.externaltools.gnu-tools-for-stm32.10.3-2021.10.win32_1.0.200.202301161003/tools/bin/../lib/gcc/arm-none-eabi/10.3.1/thumb/v7e-m/nofp/crti.o
LOAD d:/stm32cubeide_1.9.0/stm32cubeide/plugins/com.st.stm32cube.ide.mcu.externaltools.gnu-tools-for-stm32.10.3-2021.10.win32_1.0.200.202301161003/tools/bin/../lib/gcc/arm-none-eabi/10.3.1/thumb/v7e-m/nofp/crtbegin.o
LOAD d:/stm32cubeide_1.9.0/stm32cubeide/plugins/com.st.stm32cube.ide.mcu.externaltools.gnu-tools-for-stm32.10.3-2021.10.win32_1.0.200.202301161003/tools/bin/../lib/gcc/arm-none-eabi/10.3.1/../../../../arm-none-eabi/lib/thumb/v7e-m/nofp/crt0.o
LOAD ./Src/bsp_lcd.o
LOAD ./Src/bsp_lcd_ex.o
LOAD ./Src/main.o
LOAD ./Src/syscalls.o
LOAD ./Src/sysmem.o
LOAD ./Startup/startup_stm32f429zitx.o
START GROUP
LOAD d:/stm32cubeide_1.9.0/stm32cubeide/plugins/com.st.stm32cube.ide.mcu.externaltools.gnu-tools-for-stm32.10.3-2021.10.win32_1.0.200.202301161003/tools/bin/../lib/gcc/arm-none-eabi/10.3.1/../../../../arm-none-eabi/lib/thumb/v7e-m/nofp\libc_nano.a
LOAD d:/stm32cubeide_1.9.0/stm32cubeide/plugins/com.st.stm32cube.ide.mcu.externaltools.gnu-tools-for-stm32.10.3-2021.10.win32_1.0.200.202301161003/tools/bin/../lib/gcc/arm-none-eabi/10.3.1/../../../../arm-none-eabi/lib/thumb/v7e-m/nofp\libm.a
END GROUP
START GROUP
LOAD d:/stm32cubeide_1.9.0/stm32cubeide/plugins/com.st.stm32cube.ide.mcu.externaltools.gnu-tools-for-stm32.10.3-2021.10.win32_1.0.200.202301161003/tools/bin/../lib/gcc/arm-none-eabi/10.3.1/thumb/v7e-m/nofp\libgcc.a
LOAD d:/stm32cubeide_1.9.0/stm32cubeide/plugins/com.st.stm32cube.ide.mcu.externaltools.gnu-tools-for-stm32.10.3-2021.10.win32_1.0.200.202301161003/tools/bin/../lib/gcc/arm-none-eabi/10.3.1/../../../../arm-none-eabi/lib/thumb/v7e-m/nofp\libc_nano.a
END GROUP
START GROUP
LOAD d:/stm32cubeide_1.9.0/stm32cubeide/plugins/com.st.stm32cube.ide.mcu.externaltools.gnu-tools-for-stm32.10.3-2021.10.win32_1.0.200.202301161003/tools/bin/../lib/gcc/arm-none-eabi/10.3.1/thumb/v7e-m/nofp\libgcc.a
LOAD d:/stm32cubeide_1.9.0/stm32cubeide/plugins/com.st.stm32cube.ide.mcu.externaltools.gnu-tools-for-stm32.10.3-2021.10.win32_1.0.200.202301161003/tools/bin/../lib/gcc/arm-none-eabi/10.3.1/../../../../arm-none-eabi/lib/thumb/v7e-m/nofp\libc_nano.a
LOAD d:/stm32cubeide_1.9.0/stm32cubeide/plugins/com.st.stm32cube.ide.mcu.externaltools.gnu-tools-for-stm32.10.3-2021.10.win32_1.0.200.202301161003/tools/bin/../lib/gcc/arm-none-eabi/10.3.1/../../../../arm-none-eabi/lib/thumb/v7e-m/nofp\libnosys.a
END GROUP
START GROUP
LOAD d:/stm32cubeide_1.9.0/stm32cubeide/plugins/com.st.stm32cube.ide.mcu.externaltools.gnu-tools-for-stm32.10.3-2021.10.win32_1.0.200.202301161003/tools/bin/../lib/gcc/arm-none-eabi/10.3.1/thumb/v7e-m/nofp\libgcc.a
LOAD d:/stm32cubeide_1.9.0/stm32cubeide/plugins/com.st.stm32cube.ide.mcu.externaltools.gnu-tools-for-stm32.10.3-2021.10.win32_1.0.200.202301161003/tools/bin/../lib/gcc/arm-none-eabi/10.3.1/../../../../arm-none-eabi/lib/thumb/v7e-m/nofp\libc_nano.a
LOAD d:/stm32cubeide_1.9.0/stm32cubeide/plugins/com.st.stm32cube.ide.mcu.externaltools.gnu-tools-for-stm32.10.3-2021.10.win32_1.0.200.202301161003/tools/bin/../lib/gcc/arm-none-eabi/10.3.1/../../../../arm-none-eabi/lib/thumb/v7e-m/nofp\libnosys.a
END GROUP
LOAD d:/stm32cubeide_1.9.0/stm32cubeide/plugins/com.st.stm32cube.ide.mcu.externaltools.gnu-tools-for-stm32.10.3-2021.10.win32_1.0.200.202301161003/tools/bin/../lib/gcc/arm-none-eabi/10.3.1/thumb/v7e-m/nofp/crtend.o
LOAD d:/stm32cubeide_1.9.0/stm32cubeide/plugins/com.st.stm32cube.ide.mcu.externaltools.gnu-tools-for-stm32.10.3-2021.10.win32_1.0.200.202301161003/tools/bin/../lib/gcc/arm-none-eabi/10.3.1/thumb/v7e-m/nofp/crtn.o
                0x0000000020030000                _estack = (ORIGIN (RAM) + LENGTH (RAM))
                0x0000000000000200                _Min_Heap_Size = 0x200
                0x0000000000000400                _Min_Stack_Size = 0x400

.isr_vector     0x0000000008000000      0x1ac
                0x0000000008000000                . = ALIGN (0x4)
 *(.isr_vector)
 .isr_vector    0x0000000008000000      0x1ac ./Startup/startup_stm32f429zitx.o
                0x0000000008000000                g_pfnVectors
                0x00000000080001ac                . = ALIGN (0x4)

.text           0x00000000080001ac     0x1148
                0x00000000080001ac                . = ALIGN (0x4)
 *(.text)
 .text          0x00000000080001ac       0x40 d:/stm32cubeide_1.9.0/stm32cubeide/plugins/com.st.stm32cube.ide.mcu.externaltools.gnu-tools-for-stm32.10.3-2021.10.win32_1.0.200.202301161003/tools/bin/../lib/gcc/arm-none-eabi/10.3.1/thumb/v7e-m/nofp/crtbegin.o
 *(.text*)
 .text.BSP_LCD_Init
                0x00000000080001ec       0x1c ./Src/bsp_lcd.o
                0x00000000080001ec                BSP_LCD_Init
 .text.LCD_Pin_Init
                0x0000000008000208      0x1e8 ./Src/bsp_lcd.o
                0x0000000008000208                LCD_Pin_Init
 .text.LCD_SPI_Enable
                0x00000000080003f0       0x24 ./Src/bsp_lcd.o
                0x00000000080003f0                LCD_SPI_Enable
 .text.LCD_SPI_Init
                0x0000000008000414       0xbc ./Src/bsp_lcd.o
                0x0000000008000414                LCD_SPI_Init
 .text.delay_50ms
                0x00000000080004d0       0x2c ./Src/bsp_lcd.o
                0x00000000080004d0                delay_50ms
 .text.LCD_Reset
                0x00000000080004fc       0x5c ./Src/bsp_lcd.o
                0x00000000080004fc                LCD_Reset
 .text.LCD_Config
                0x0000000008000558      0x258 ./Src/bsp_lcd.o
                0x0000000008000558                LCD_Config
 .text.LCD_Write_Cmd
                0x00000000080007b0       0x84 ./Src/bsp_lcd.o
                0x00000000080007b0                LCD_Write_Cmd
 .text.LCD_Write_Data
                0x0000000008000834       0x88 ./Src/bsp_lcd.o
                0x0000000008000834                LCD_Write_Data
 .text.BSP_LCD_Set_Orientation
                0x00000000080008bc       0xc0 ./Src/bsp_lcd.o
                0x00000000080008bc                BSP_LCD_Set_Orientation
 .text.bsp_lcd_get_fb_address
                0x000000000800097c       0x14 ./Src/bsp_lcd_ex.o
                0x000000000800097c                bsp_lcd_get_fb_address
 .text.Convert_RGB888_to_RGB565
                0x0000000008000990       0x50 ./Src/bsp_lcd_ex.o
                0x0000000008000990                Convert_RGB888_to_RGB565
 .text.write_to_fb_rgb565
                0x00000000080009e0       0x32 ./Src/bsp_lcd_ex.o
                0x00000000080009e0                write_to_fb_rgb565
 *fill*         0x0000000008000a12        0x2 
 .text.bsp_lcd_set_fb_background_color
                0x0000000008000a14       0x28 ./Src/bsp_lcd_ex.o
                0x0000000008000a14                bsp_lcd_set_fb_background_color
 .text.bsp_lcd_fill_rect
                0x0000000008000a3c       0x78 ./Src/bsp_lcd_ex.o
                0x0000000008000a3c                bsp_lcd_fill_rect
 .text.main     0x0000000008000ab4       0xc0 ./Src/main.o
                0x0000000008000ab4                main
 .text.LTDC_Pin_Init
                0x0000000008000b74      0x1f0 ./Src/main.o
                0x0000000008000b74                LTDC_Pin_Init
 .text.RCC_Config
                0x0000000008000d64      0x1d8 ./Src/main.o
                0x0000000008000d64                RCC_Config
 .text.LTC_Init
                0x0000000008000f3c      0x144 ./Src/main.o
                0x0000000008000f3c                LTC_Init
 .text.LTDC_Layer_Init
                0x0000000008001080      0x1c0 ./Src/main.o
                0x0000000008001080                LTDC_Layer_Init
 .text.Reset_Handler
                0x0000000008001240       0x50 ./Startup/startup_stm32f429zitx.o
                0x0000000008001240                Reset_Handler
 .text.Default_Handler
                0x0000000008001290        0x2 ./Startup/startup_stm32f429zitx.o
                0x0000000008001290                RTC_Alarm_IRQHandler
                0x0000000008001290                HASH_RNG_IRQHandler
                0x0000000008001290                EXTI2_IRQHandler
                0x0000000008001290                TIM8_CC_IRQHandler
                0x0000000008001290                DebugMon_Handler
                0x0000000008001290                UART8_IRQHandler
                0x0000000008001290                SPI4_IRQHandler
                0x0000000008001290                TIM1_CC_IRQHandler
                0x0000000008001290                DMA2_Stream5_IRQHandler
                0x0000000008001290                HardFault_Handler
                0x0000000008001290                DMA1_Stream5_IRQHandler
                0x0000000008001290                SysTick_Handler
                0x0000000008001290                PVD_IRQHandler
                0x0000000008001290                SDIO_IRQHandler
                0x0000000008001290                TAMP_STAMP_IRQHandler
                0x0000000008001290                PendSV_Handler
                0x0000000008001290                NMI_Handler
                0x0000000008001290                CAN2_RX1_IRQHandler
                0x0000000008001290                EXTI3_IRQHandler
                0x0000000008001290                TIM8_TRG_COM_TIM14_IRQHandler
                0x0000000008001290                TIM1_UP_TIM10_IRQHandler
                0x0000000008001290                TIM8_UP_TIM13_IRQHandler
                0x0000000008001290                I2C3_ER_IRQHandler
                0x0000000008001290                LCD_TFT_IRQHandler
                0x0000000008001290                EXTI0_IRQHandler
                0x0000000008001290                I2C2_EV_IRQHandler
                0x0000000008001290                DMA1_Stream2_IRQHandler
                0x0000000008001290                CAN1_RX0_IRQHandler
                0x0000000008001290                FPU_IRQHandler
                0x0000000008001290                OTG_HS_WKUP_IRQHandler
                0x0000000008001290                UsageFault_Handler
                0x0000000008001290                CAN2_SCE_IRQHandler
                0x0000000008001290                DMA2_Stream2_IRQHandler
                0x0000000008001290                SPI1_IRQHandler
                0x0000000008001290                TIM6_DAC_IRQHandler
                0x0000000008001290                TIM1_BRK_TIM9_IRQHandler
                0x0000000008001290                DCMI_IRQHandler
                0x0000000008001290                CAN2_RX0_IRQHandler
                0x0000000008001290                DMA2_Stream3_IRQHandler
                0x0000000008001290                USART6_IRQHandler
                0x0000000008001290                USART3_IRQHandler
                0x0000000008001290                CRYP_IRQHandler
                0x0000000008001290                CAN1_RX1_IRQHandler
                0x0000000008001290                UART5_IRQHandler
                0x0000000008001290                DMA2_Stream0_IRQHandler
                0x0000000008001290                TIM4_IRQHandler
                0x0000000008001290                I2C1_EV_IRQHandler
                0x0000000008001290                DMA1_Stream6_IRQHandler
                0x0000000008001290                DMA1_Stream1_IRQHandler
                0x0000000008001290                UART4_IRQHandler
                0x0000000008001290                LCD_TFT_1_IRQHandler
                0x0000000008001290                TIM3_IRQHandler
                0x0000000008001290                RCC_IRQHandler
                0x0000000008001290                TIM8_BRK_TIM12_IRQHandler
                0x0000000008001290                Default_Handler
                0x0000000008001290                EXTI15_10_IRQHandler
                0x0000000008001290                ADC_IRQHandler
                0x0000000008001290                DMA1_Stream7_IRQHandler
                0x0000000008001290                SPI5_IRQHandler
                0x0000000008001290                TIM7_IRQHandler
                0x0000000008001290                CAN2_TX_IRQHandler
                0x0000000008001290                TIM5_IRQHandler
                0x0000000008001290                DMA2_Stream7_IRQHandler
                0x0000000008001290                I2C3_EV_IRQHandler
                0x0000000008001290                EXTI9_5_IRQHandler
                0x0000000008001290                RTC_WKUP_IRQHandler
                0x0000000008001290                ETH_WKUP_IRQHandler
                0x0000000008001290                SPI2_IRQHandler
                0x0000000008001290                OTG_HS_EP1_IN_IRQHandler
                0x0000000008001290                MemManage_Handler
                0x0000000008001290                DMA1_Stream0_IRQHandler
                0x0000000008001290                CAN1_TX_IRQHandler
                0x0000000008001290                SVC_Handler
                0x0000000008001290                EXTI4_IRQHandler
                0x0000000008001290                ETH_IRQHandler
                0x0000000008001290                OTG_HS_EP1_OUT_IRQHandler
                0x0000000008001290                WWDG_IRQHandler
                0x0000000008001290                SPI6_IRQHandler
                0x0000000008001290                TIM2_IRQHandler
                0x0000000008001290                OTG_FS_WKUP_IRQHandler
                0x0000000008001290                TIM1_TRG_COM_TIM11_IRQHandler
                0x0000000008001290                OTG_HS_IRQHandler
                0x0000000008001290                DMA2D_IRQHandler
                0x0000000008001290                EXTI1_IRQHandler
                0x0000000008001290                UART7_IRQHandler
                0x0000000008001290                USART2_IRQHandler
                0x0000000008001290                I2C2_ER_IRQHandler
                0x0000000008001290                DMA2_Stream1_IRQHandler
                0x0000000008001290                CAN1_SCE_IRQHandler
                0x0000000008001290                FLASH_IRQHandler
                0x0000000008001290                DMA2_Stream4_IRQHandler
                0x0000000008001290                BusFault_Handler
                0x0000000008001290                USART1_IRQHandler
                0x0000000008001290                OTG_FS_IRQHandler
                0x0000000008001290                SPI3_IRQHandler
                0x0000000008001290                DMA1_Stream4_IRQHandler
                0x0000000008001290                I2C1_ER_IRQHandler
                0x0000000008001290                FMC_IRQHandler
                0x0000000008001290                DMA2_Stream6_IRQHandler
                0x0000000008001290                SAI1_IRQHandler
                0x0000000008001290                DMA1_Stream3_IRQHandler
 *fill*         0x0000000008001292        0x2 
 .text.__libc_init_array
                0x0000000008001294       0x48 d:/stm32cubeide_1.9.0/stm32cubeide/plugins/com.st.stm32cube.ide.mcu.externaltools.gnu-tools-for-stm32.10.3-2021.10.win32_1.0.200.202301161003/tools/bin/../lib/gcc/arm-none-eabi/10.3.1/../../../../arm-none-eabi/lib/thumb/v7e-m/nofp\libc_nano.a(lib_a-init.o)
                0x0000000008001294                __libc_init_array
 *(.glue_7)
 .glue_7        0x00000000080012dc        0x0 linker stubs
 *(.glue_7t)
 .glue_7t       0x00000000080012dc        0x0 linker stubs
 *(.eh_frame)
 .eh_frame      0x00000000080012dc        0x0 d:/stm32cubeide_1.9.0/stm32cubeide/plugins/com.st.stm32cube.ide.mcu.externaltools.gnu-tools-for-stm32.10.3-2021.10.win32_1.0.200.202301161003/tools/bin/../lib/gcc/arm-none-eabi/10.3.1/thumb/v7e-m/nofp/crtbegin.o
 *(.init)
 .init          0x00000000080012dc        0x4 d:/stm32cubeide_1.9.0/stm32cubeide/plugins/com.st.stm32cube.ide.mcu.externaltools.gnu-tools-for-stm32.10.3-2021.10.win32_1.0.200.202301161003/tools/bin/../lib/gcc/arm-none-eabi/10.3.1/thumb/v7e-m/nofp/crti.o
                0x00000000080012dc                _init
 .init          0x00000000080012e0        0x8 d:/stm32cubeide_1.9.0/stm32cubeide/plugins/com.st.stm32cube.ide.mcu.externaltools.gnu-tools-for-stm32.10.3-2021.10.win32_1.0.200.202301161003/tools/bin/../lib/gcc/arm-none-eabi/10.3.1/thumb/v7e-m/nofp/crtn.o
 *(.fini)
 .fini          0x00000000080012e8        0x4 d:/stm32cubeide_1.9.0/stm32cubeide/plugins/com.st.stm32cube.ide.mcu.externaltools.gnu-tools-for-stm32.10.3-2021.10.win32_1.0.200.202301161003/tools/bin/../lib/gcc/arm-none-eabi/10.3.1/thumb/v7e-m/nofp/crti.o
                0x00000000080012e8                _fini
 .fini          0x00000000080012ec        0x8 d:/stm32cubeide_1.9.0/stm32cubeide/plugins/com.st.stm32cube.ide.mcu.externaltools.gnu-tools-for-stm32.10.3-2021.10.win32_1.0.200.202301161003/tools/bin/../lib/gcc/arm-none-eabi/10.3.1/thumb/v7e-m/nofp/crtn.o
                0x00000000080012f4                . = ALIGN (0x4)
                0x00000000080012f4                _etext = .

.vfp11_veneer   0x00000000080012f4        0x0
 .vfp11_veneer  0x00000000080012f4        0x0 linker stubs

.v4_bx          0x00000000080012f4        0x0
 .v4_bx         0x00000000080012f4        0x0 linker stubs

.iplt           0x00000000080012f4        0x0
 .iplt          0x00000000080012f4        0x0 d:/stm32cubeide_1.9.0/stm32cubeide/plugins/com.st.stm32cube.ide.mcu.externaltools.gnu-tools-for-stm32.10.3-2021.10.win32_1.0.200.202301161003/tools/bin/../lib/gcc/arm-none-eabi/10.3.1/thumb/v7e-m/nofp/crtbegin.o

.rodata         0x00000000080012f4       0x18
                0x00000000080012f4                . = ALIGN (0x4)
 *(.rodata)
 *(.rodata*)
 .rodata.ltdc_pins
                0x00000000080012f4       0x16 ./Src/bsp_lcd.o
                0x00000000080012f4                ltdc_pins
 .rodata.total_ltdc_pins
                0x000000000800130a        0x1 ./Src/bsp_lcd.o
                0x000000000800130a                total_ltdc_pins
                0x000000000800130c                . = ALIGN (0x4)
 *fill*         0x000000000800130b        0x1 

.rel.dyn        0x000000000800130c        0x0
 .rel.iplt      0x000000000800130c        0x0 d:/stm32cubeide_1.9.0/stm32cubeide/plugins/com.st.stm32cube.ide.mcu.externaltools.gnu-tools-for-stm32.10.3-2021.10.win32_1.0.200.202301161003/tools/bin/../lib/gcc/arm-none-eabi/10.3.1/thumb/v7e-m/nofp/crtbegin.o

.ARM.extab      0x000000000800130c        0x0
                0x000000000800130c                . = ALIGN (0x4)
 *(.ARM.extab* .gnu.linkonce.armextab.*)
                0x000000000800130c                . = ALIGN (0x4)

.ARM            0x000000000800130c        0x0
                0x000000000800130c                . = ALIGN (0x4)
                0x000000000800130c                __exidx_start = .
 *(.ARM.exidx*)
                0x000000000800130c                __exidx_end = .
                0x000000000800130c                . = ALIGN (0x4)

.preinit_array  0x000000000800130c        0x0
                0x000000000800130c                . = ALIGN (0x4)
                0x000000000800130c                PROVIDE (__preinit_array_start = .)
 *(.preinit_array*)
                0x000000000800130c                PROVIDE (__preinit_array_end = .)
                0x000000000800130c                . = ALIGN (0x4)

.init_array     0x000000000800130c        0x4
                0x000000000800130c                . = ALIGN (0x4)
                0x000000000800130c                PROVIDE (__init_array_start = .)
 *(SORT_BY_NAME(.init_array.*))
 *(.init_array*)
 .init_array    0x000000000800130c        0x4 d:/stm32cubeide_1.9.0/stm32cubeide/plugins/com.st.stm32cube.ide.mcu.externaltools.gnu-tools-for-stm32.10.3-2021.10.win32_1.0.200.202301161003/tools/bin/../lib/gcc/arm-none-eabi/10.3.1/thumb/v7e-m/nofp/crtbegin.o
                0x0000000008001310                PROVIDE (__init_array_end = .)
                0x0000000008001310                . = ALIGN (0x4)

.fini_array     0x0000000008001310        0x4
                0x0000000008001310                . = ALIGN (0x4)
                [!provide]                        PROVIDE (__fini_array_start = .)
 *(SORT_BY_NAME(.fini_array.*))
 *(.fini_array*)
 .fini_array    0x0000000008001310        0x4 d:/stm32cubeide_1.9.0/stm32cubeide/plugins/com.st.stm32cube.ide.mcu.externaltools.gnu-tools-for-stm32.10.3-2021.10.win32_1.0.200.202301161003/tools/bin/../lib/gcc/arm-none-eabi/10.3.1/thumb/v7e-m/nofp/crtbegin.o
                [!provide]                        PROVIDE (__fini_array_end = .)
                0x0000000008001314                . = ALIGN (0x4)
                0x0000000008001314                _sidata = LOADADDR (.data)

.data           0x0000000020000000       0x58 load address 0x0000000008001314
                0x0000000020000000                . = ALIGN (0x4)
                0x0000000020000000                _sdata = .
 *(.data)
 *(.data*)
 .data.ltdc_io_ports
                0x0000000020000000       0x58 ./Src/bsp_lcd.o
                0x0000000020000000                ltdc_io_ports
 *(.RamFunc)
 *(.RamFunc*)
                0x0000000020000058                . = ALIGN (0x4)
                0x0000000020000058                _edata = .
                0x000000000800136c                _siccmram = LOADADDR (.ccmram)

.igot.plt       0x0000000020000058        0x0 load address 0x000000000800136c
 .igot.plt      0x0000000020000058        0x0 d:/stm32cubeide_1.9.0/stm32cubeide/plugins/com.st.stm32cube.ide.mcu.externaltools.gnu-tools-for-stm32.10.3-2021.10.win32_1.0.200.202301161003/tools/bin/../lib/gcc/arm-none-eabi/10.3.1/thumb/v7e-m/nofp/crtbegin.o

.ccmram         0x0000000010000000        0x0 load address 0x000000000800136c
                0x0000000010000000                . = ALIGN (0x4)
                0x0000000010000000                _sccmram = .
 *(.ccmram)
 *(.ccmram*)
                0x0000000010000000                . = ALIGN (0x4)
                0x0000000010000000                _eccmram = .
                0x0000000010000000                . = ALIGN (0x4)

.bss            0x0000000020000058    0x2581c
                0x0000000020000058                _sbss = .
                0x0000000020000058                __bss_start__ = _sbss
 *(.bss)
 .bss           0x0000000020000058       0x1c d:/stm32cubeide_1.9.0/stm32cubeide/plugins/com.st.stm32cube.ide.mcu.externaltools.gnu-tools-for-stm32.10.3-2021.10.win32_1.0.200.202301161003/tools/bin/../lib/gcc/arm-none-eabi/10.3.1/thumb/v7e-m/nofp/crtbegin.o
 *(.bss*)
 .bss.bsp_fb    0x0000000020000074    0x25800 ./Src/bsp_lcd_ex.o
                0x0000000020000074                bsp_fb
 *(COMMON)
                0x0000000020025874                . = ALIGN (0x4)
                0x0000000020025874                _ebss = .
                0x0000000020025874                __bss_end__ = _ebss

._user_heap_stack
                0x0000000020025874      0x604
                0x0000000020025878                . = ALIGN (0x8)
 *fill*         0x0000000020025874        0x4 
                [!provide]                        PROVIDE (end = .)
                0x0000000020025878                PROVIDE (_end = .)
                0x0000000020025a78                . = (. + _Min_Heap_Size)
 *fill*         0x0000000020025878      0x200 
                0x0000000020025e78                . = (. + _Min_Stack_Size)
 *fill*         0x0000000020025a78      0x400 
                0x0000000020025e78                . = ALIGN (0x8)

/DISCARD/
 libc.a(*)
 libm.a(*)
 libgcc.a(*)

.ARM.attributes
                0x0000000000000000       0x2a
 *(.ARM.attributes)
 .ARM.attributes
                0x0000000000000000       0x1e d:/stm32cubeide_1.9.0/stm32cubeide/plugins/com.st.stm32cube.ide.mcu.externaltools.gnu-tools-for-stm32.10.3-2021.10.win32_1.0.200.202301161003/tools/bin/../lib/gcc/arm-none-eabi/10.3.1/thumb/v7e-m/nofp/crti.o
 .ARM.attributes
                0x000000000000001e       0x2e d:/stm32cubeide_1.9.0/stm32cubeide/plugins/com.st.stm32cube.ide.mcu.externaltools.gnu-tools-for-stm32.10.3-2021.10.win32_1.0.200.202301161003/tools/bin/../lib/gcc/arm-none-eabi/10.3.1/thumb/v7e-m/nofp/crtbegin.o
 .ARM.attributes
                0x000000000000004c       0x2e ./Src/bsp_lcd.o
 .ARM.attributes
                0x000000000000007a       0x2e ./Src/bsp_lcd_ex.o
 .ARM.attributes
                0x00000000000000a8       0x2e ./Src/main.o
 .ARM.attributes
                0x00000000000000d6       0x21 ./Startup/startup_stm32f429zitx.o
 .ARM.attributes
                0x00000000000000f7       0x2e d:/stm32cubeide_1.9.0/stm32cubeide/plugins/com.st.stm32cube.ide.mcu.externaltools.gnu-tools-for-stm32.10.3-2021.10.win32_1.0.200.202301161003/tools/bin/../lib/gcc/arm-none-eabi/10.3.1/../../../../arm-none-eabi/lib/thumb/v7e-m/nofp\libc_nano.a(lib_a-init.o)
 .ARM.attributes
                0x0000000000000125       0x1e d:/stm32cubeide_1.9.0/stm32cubeide/plugins/com.st.stm32cube.ide.mcu.externaltools.gnu-tools-for-stm32.10.3-2021.10.win32_1.0.200.202301161003/tools/bin/../lib/gcc/arm-none-eabi/10.3.1/thumb/v7e-m/nofp/crtn.o
OUTPUT(001_TFT_VIBGYOR_BARS.elf elf32-littlearm)
LOAD linker stubs
LOAD d:/stm32cubeide_1.9.0/stm32cubeide/plugins/com.st.stm32cube.ide.mcu.externaltools.gnu-tools-for-stm32.10.3-2021.10.win32_1.0.200.202301161003/tools/bin/../lib/gcc/arm-none-eabi/10.3.1/../../../../arm-none-eabi/lib/thumb/v7e-m/nofp\libc.a
LOAD d:/stm32cubeide_1.9.0/stm32cubeide/plugins/com.st.stm32cube.ide.mcu.externaltools.gnu-tools-for-stm32.10.3-2021.10.win32_1.0.200.202301161003/tools/bin/../lib/gcc/arm-none-eabi/10.3.1/../../../../arm-none-eabi/lib/thumb/v7e-m/nofp\libm.a
LOAD d:/stm32cubeide_1.9.0/stm32cubeide/plugins/com.st.stm32cube.ide.mcu.externaltools.gnu-tools-for-stm32.10.3-2021.10.win32_1.0.200.202301161003/tools/bin/../lib/gcc/arm-none-eabi/10.3.1/thumb/v7e-m/nofp\libgcc.a

.debug_info     0x0000000000000000     0x1201
 .debug_info    0x0000000000000000      0x6e8 ./Src/bsp_lcd.o
 .debug_info    0x00000000000006e8      0x29a ./Src/bsp_lcd_ex.o
 .debug_info    0x0000000000000982      0x85d ./Src/main.o
 .debug_info    0x00000000000011df       0x22 ./Startup/startup_stm32f429zitx.o

.debug_abbrev   0x0000000000000000      0x4a3
 .debug_abbrev  0x0000000000000000      0x1e1 ./Src/bsp_lcd.o
 .debug_abbrev  0x00000000000001e1      0x11f ./Src/bsp_lcd_ex.o
 .debug_abbrev  0x0000000000000300      0x191 ./Src/main.o
 .debug_abbrev  0x0000000000000491       0x12 ./Startup/startup_stm32f429zitx.o

.debug_aranges  0x0000000000000000      0x120
 .debug_aranges
                0x0000000000000000       0x68 ./Src/bsp_lcd.o
 .debug_aranges
                0x0000000000000068       0x50 ./Src/bsp_lcd_ex.o
 .debug_aranges
                0x00000000000000b8       0x40 ./Src/main.o
 .debug_aranges
                0x00000000000000f8       0x28 ./Startup/startup_stm32f429zitx.o

.debug_ranges   0x0000000000000000       0xe8
 .debug_ranges  0x0000000000000000       0x58 ./Src/bsp_lcd.o
 .debug_ranges  0x0000000000000058       0x40 ./Src/bsp_lcd_ex.o
 .debug_ranges  0x0000000000000098       0x30 ./Src/main.o
 .debug_ranges  0x00000000000000c8       0x20 ./Startup/startup_stm32f429zitx.o

.debug_macro    0x0000000000000000    0x32619
 .debug_macro   0x0000000000000000      0x29c ./Src/bsp_lcd.o
 .debug_macro   0x000000000000029c      0xa78 ./Src/bsp_lcd.o
 .debug_macro   0x0000000000000d14       0x4c ./Src/bsp_lcd.o
 .debug_macro   0x0000000000000d60       0x22 ./Src/bsp_lcd.o
 .debug_macro   0x0000000000000d82       0x8e ./Src/bsp_lcd.o
 .debug_macro   0x0000000000000e10       0x51 ./Src/bsp_lcd.o
 .debug_macro   0x0000000000000e61      0x103 ./Src/bsp_lcd.o
 .debug_macro   0x0000000000000f64       0x6a ./Src/bsp_lcd.o
 .debug_macro   0x0000000000000fce      0x1df ./Src/bsp_lcd.o
 .debug_macro   0x00000000000011ad    0x17fc7 ./Src/bsp_lcd.o
 .debug_macro   0x0000000000019174       0x3a ./Src/bsp_lcd.o
 .debug_macro   0x00000000000191ae       0x52 ./Src/bsp_lcd.o
 .debug_macro   0x0000000000019200       0x18 ./Src/bsp_lcd.o
 .debug_macro   0x0000000000019218       0x3c ./Src/bsp_lcd.o
 .debug_macro   0x0000000000019254       0x34 ./Src/bsp_lcd.o
 .debug_macro   0x0000000000019288       0x16 ./Src/bsp_lcd.o
 .debug_macro   0x000000000001929e       0x97 ./Src/bsp_lcd.o
 .debug_macro   0x0000000000019335      0x341 ./Src/bsp_lcd.o
 .debug_macro   0x0000000000019676       0xfd ./Src/bsp_lcd.o
 .debug_macro   0x0000000000019773       0x10 ./Src/bsp_lcd.o
 .debug_macro   0x0000000000019783       0x16 ./Src/bsp_lcd.o
 .debug_macro   0x0000000000019799       0x43 ./Src/bsp_lcd.o
 .debug_macro   0x00000000000197dc       0x34 ./Src/bsp_lcd.o
 .debug_macro   0x0000000000019810       0x10 ./Src/bsp_lcd.o
 .debug_macro   0x0000000000019820       0x58 ./Src/bsp_lcd.o
 .debug_macro   0x0000000000019878       0x71 ./Src/bsp_lcd.o
 .debug_macro   0x00000000000198e9       0x1c ./Src/bsp_lcd.o
 .debug_macro   0x0000000000019905      0x12a ./Src/bsp_lcd.o
 .debug_macro   0x0000000000019a2f       0x10 ./Src/bsp_lcd.o
 .debug_macro   0x0000000000019a3f       0x1c ./Src/bsp_lcd.o
 .debug_macro   0x0000000000019a5b       0x52 ./Src/bsp_lcd.o
 .debug_macro   0x0000000000019aad       0x22 ./Src/bsp_lcd.o
 .debug_macro   0x0000000000019acf       0x10 ./Src/bsp_lcd.o
 .debug_macro   0x0000000000019adf       0x52 ./Src/bsp_lcd.o
 .debug_macro   0x0000000000019b31       0xd5 ./Src/bsp_lcd.o
 .debug_macro   0x0000000000019c06       0x1c ./Src/bsp_lcd.o
 .debug_macro   0x0000000000019c22       0x3d ./Src/bsp_lcd.o
 .debug_macro   0x0000000000019c5f       0x16 ./Src/bsp_lcd.o
 .debug_macro   0x0000000000019c75      0x145 ./Src/bsp_lcd.o
 .debug_macro   0x0000000000019dba      0x1f0 ./Src/bsp_lcd.o
 .debug_macro   0x0000000000019faa      0x172 ./Src/bsp_lcd.o
 .debug_macro   0x000000000001a11c       0xa0 ./Src/bsp_lcd.o
 .debug_macro   0x000000000001a1bc      0x212 ./Src/bsp_lcd_ex.o
 .debug_macro   0x000000000001a3ce      0x23c ./Src/main.o
 .debug_macro   0x000000000001a60a    0x1800f ./Src/main.o

.debug_line     0x0000000000000000     0x16b3
 .debug_line    0x0000000000000000      0x877 ./Src/bsp_lcd.o
 .debug_line    0x0000000000000877      0x690 ./Src/bsp_lcd_ex.o
 .debug_line    0x0000000000000f07      0x728 ./Src/main.o
 .debug_line    0x000000000000162f       0x84 ./Startup/startup_stm32f429zitx.o

.debug_str      0x0000000000000000    0x91627
 .debug_str     0x0000000000000000    0x91254 ./Src/bsp_lcd.o
                                      0x9145e (size before relaxing)
 .debug_str     0x0000000000091254      0x139 ./Src/bsp_lcd_ex.o
                                      0x91084 (size before relaxing)
 .debug_str     0x000000000009138d      0x269 ./Src/main.o
                                      0x91377 (size before relaxing)
 .debug_str     0x00000000000915f6       0x31 ./Startup/startup_stm32f429zitx.o
                                         0x5d (size before relaxing)

.comment        0x0000000000000000       0x50
 .comment       0x0000000000000000       0x50 ./Src/bsp_lcd.o
                                         0x51 (size before relaxing)
 .comment       0x0000000000000050       0x51 ./Src/bsp_lcd_ex.o
 .comment       0x0000000000000050       0x51 ./Src/main.o

.debug_frame    0x0000000000000000      0x3a0
 .debug_frame   0x0000000000000000      0x190 ./Src/bsp_lcd.o
 .debug_frame   0x0000000000000190      0x118 ./Src/bsp_lcd_ex.o
 .debug_frame   0x00000000000002a8       0xcc ./Src/main.o
 .debug_frame   0x0000000000000374       0x2c d:/stm32cubeide_1.9.0/stm32cubeide/plugins/com.st.stm32cube.ide.mcu.externaltools.gnu-tools-for-stm32.10.3-2021.10.win32_1.0.200.202301161003/tools/bin/../lib/gcc/arm-none-eabi/10.3.1/../../../../arm-none-eabi/lib/thumb/v7e-m/nofp\libc_nano.a(lib_a-init.o)
