../lvgl/examples/anim/../../src/misc/lv_anim.h:126:20:lv_anim_set_var	16	static
../lvgl/examples/anim/../../src/misc/lv_anim.h:138:20:lv_anim_set_exec_cb	16	static
../lvgl/examples/anim/../../src/misc/lv_anim.h:148:20:lv_anim_set_time	16	static
../lvgl/examples/anim/../../src/misc/lv_anim.h:169:20:lv_anim_set_values	24	static
../lvgl/examples/anim/../../src/misc/lv_anim.h:196:20:lv_anim_set_path_cb	16	static
../lvgl/examples/anim/../../src/misc/lv_anim.h:288:20:lv_anim_set_early_apply	16	static
d:\stm32projects\003_rgb_mixer\lvgl\src\core\lv_obj_pos.h:199:20:lv_obj_center	16	static
../lvgl/examples/anim/../../src/core/lv_disp.h:182:26:lv_scr_act	8	static
../lvgl/examples/anim/../../src/widgets/lv_slider.h:106:20:lv_slider_set_range	24	static
../lvgl/examples/anim/../../src/widgets/lv_slider.h:130:23:lv_slider_get_value	16	static
../lvgl/examples/anim/lv_example_anim_timeline_1.c:13:13:set_width	16	static
../lvgl/examples/anim/lv_example_anim_timeline_1.c:18:13:set_height	16	static
../lvgl/examples/anim/lv_example_anim_timeline_1.c:23:13:anim_timeline_create	416	static
../lvgl/examples/anim/lv_example_anim_timeline_1.c:92:13:btn_start_event_handler	24	static
../lvgl/examples/anim/lv_example_anim_timeline_1.c:105:13:btn_del_event_handler	16	static
../lvgl/examples/anim/lv_example_anim_timeline_1.c:114:13:btn_stop_event_handler	16	static
../lvgl/examples/anim/lv_example_anim_timeline_1.c:122:13:slider_prg_event_handler	24	static
../lvgl/examples/anim/lv_example_anim_timeline_1.c:137:6:lv_example_anim_timeline_1	40	static
