d:\stm32projects\002_lvgl_project\lvgl\src\misc\lv_color.h:595:26:lv_color_make	16	static
d:\stm32projects\002_lvgl_project\lvgl\src\misc\lv_color.h:640:20:lv_color_filter_dsc_init	16	static
d:\stm32projects\002_lvgl_project\lvgl\src\misc\lv_color.h:700:26:lv_color_black	8	static
d:\stm32projects\002_lvgl_project\lvgl\src\core\lv_obj_pos.h:199:20:lv_obj_center	16	static
../lvgl/examples/get_started/../../src/core/lv_obj_style.h:92:20:lv_obj_remove_style_all	16	static
../lvgl/examples/get_started/../../src/core/lv_disp.h:182:26:lv_scr_act	8	static
../lvgl/examples/get_started/lv_example_get_started_2.c:8:19:darken	16	static
../lvgl/examples/get_started/lv_example_get_started_2.c:14:13:style_init	8	static
../lvgl/examples/get_started/lv_example_get_started_2.c:47:6:lv_example_get_started_2	24	static
