../Core/Src/main.c:29:5:main	8	static
../Core/Src/main.c:65:6:GPIO_Init	40	static
../Core/Src/main.c:102:6:SystemClockConfig	80	static
../Core/Src/main.c:142:6:Error_Handler	4	static
../Core/Src/main.c:148:6:UART2_Init	8	static
../Core/Src/main.c:165:6:TIMER6_Init	8	static
../Core/Src/main.c:182:6:CAN1_Init	8	static
../Core/Src/main.c:207:6:CAN1_TX	40	static
../Core/Src/main.c:237:6:CAN1_Filter_Config	48	static
../Core/Src/main.c:258:6:HAL_CAN_TxMailbox0CompleteCallback	16	static
../Core/Src/main.c:267:6:HAL_CAN_TxMailbox1CompleteCallback	16	static
../Core/Src/main.c:275:6:HAL_CAN_TxMailbox2CompleteCallback	16	static
../Core/Src/main.c:283:6:HAL_CAN_RxFifo0MsgPendingCallback	104	static
../Core/Src/main.c:321:6:HAL_CAN_ErrorCallback	72	static
../Core/Src/main.c:331:6:HAL_TIM_PeriodElapsedCallback	48	static
../Core/Src/main.c:360:6:LED_MANAGE_Output	16	static
../Core/Src/main.c:386:6:Send_Response	48	static
