../lvgl/src/draw/../misc/../font/../misc/lv_area.h:123:26:lv_area_get_width	16	static
../lvgl/src/draw/../misc/../font/../misc/lv_area.h:133:26:lv_area_get_height	16	static
../lvgl/src/draw/../misc/lv_color.h:595:26:lv_color_make	16	static
../lvgl/src/draw/../misc/lv_color.h:696:26:lv_color_white	8	static
../lvgl/src/draw/../misc/lv_color.h:700:26:lv_color_black	8	static
../lvgl/src/draw/lv_draw_rect.c:37:28:lv_draw_rect_dsc_init	24	static
../lvgl/src/draw/lv_draw_rect.c:62:6:lv_draw_rect	24	static
