../Core/Src/main.c:25:5:main	8	static
../Core/Src/main.c:64:6:GPIO_Init	32	static
../Core/Src/main.c:79:6:SystemClockConfig	80	static
../Core/Src/main.c:119:6:Error_Handler	4	static
../Core/Src/main.c:125:6:UART2_Init	8	static
../Core/Src/main.c:142:6:CAN1_Init	8	static
../Core/Src/main.c:166:6:CAN1_TX	48	static
../Core/Src/main.c:186:6:CAN1_Filter_Config	48	static
../Core/Src/main.c:207:6:HAL_CAN_TxMailbox0CompleteCallback	16	static
../Core/Src/main.c:216:6:HAL_CAN_TxMailbox1CompleteCallback	16	static
../Core/Src/main.c:224:6:HAL_CAN_TxMailbox2CompleteCallback	16	static
../Core/Src/main.c:232:6:HAL_CAN_RxFifo0MsgPendingCallback	56	static
../Core/Src/main.c:251:6:HAL_CAN_ErrorCallback	72	static
