d:\stm32projects\003_rgb_mixer\lvgl\src\misc\lv_color.h:375:24:lv_color_to32	24	static
d:\stm32projects\003_rgb_mixer\lvgl\src\misc\lv_color.h:439:48:lv_color_mix	32	static
d:\stm32projects\003_rgb_mixer\lvgl\src\misc\lv_color.h:587:23:lv_color_brightness	24	static
d:\stm32projects\003_rgb_mixer\lvgl\src\misc\lv_color.h:595:26:lv_color_make	16	static
d:\stm32projects\003_rgb_mixer\lvgl\src\misc\lv_color.h:700:26:lv_color_black	8	static
../lvgl/src/extra/widgets/led/lv_led.c:54:12:lv_led_create	24	static
../lvgl/src/extra/widgets/led/lv_led.c:71:6:lv_led_set_color	24	static
../lvgl/src/extra/widgets/led/lv_led.c:85:6:lv_led_set_brightness	24	static
../lvgl/src/extra/widgets/led/lv_led.c:102:6:lv_led_on	16	static
../lvgl/src/extra/widgets/led/lv_led.c:111:6:lv_led_off	16	static
../lvgl/src/extra/widgets/led/lv_led.c:120:6:lv_led_toggle	24	static
../lvgl/src/extra/widgets/led/lv_led.c:138:9:lv_led_get_brightness	24	static
../lvgl/src/extra/widgets/led/lv_led.c:150:13:lv_led_constructor	32	static
../lvgl/src/extra/widgets/led/lv_led.c:158:13:lv_led_event	168	static
