d:\stm32projects\002_lvgl_project\lvgl\src\misc\lv_area.h:133:26:lv_area_get_height	16	static
d:\stm32projects\002_lvgl_project\lvgl\src\misc\lv_area.h:286:26:lv_pct	16	static
d:\stm32projects\002_lvgl_project\lvgl\src\core\lv_obj_pos.h:199:20:lv_obj_center	16	static
../lvgl/examples/scroll/../../src/core/lv_disp.h:182:26:lv_scr_act	8	static
../lvgl/examples/scroll/lv_example_scroll_6.c:4:13:scroll_event_cb	88	static
../lvgl/examples/scroll/lv_example_scroll_6.c:51:6:lv_example_scroll_6	24	static
