d:\stm32projects\002_lvgl_project\lvgl\src\core\lv_obj_pos.h:199:20:lv_obj_center	16	static
d:\stm32projects\002_lvgl_project\lvgl\src/core/lv_obj_style.h:231:20:lv_obj_set_style_size	24	static
d:\stm32projects\002_lvgl_project\lvgl\src/core/lv_disp.h:182:26:lv_scr_act	8	static
../lvgl/examples/widgets/chart/lv_example_chart_8.c:15:13:draw_event_cb	152	static
../lvgl/examples/widgets/chart/lv_example_chart_8.c:54:16:round_fixed_point	32	static
../lvgl/examples/widgets/chart/lv_example_chart_8.c:74:6:lv_example_chart_8	88	static
