../lvgl/src/core/lv_group.c:45:6:_lv_group_init	8	static
../lvgl/src/core/lv_group.c:50:14:lv_group_create	16	static
../lvgl/src/core/lv_group.c:72:6:lv_group_del	32	static
../lvgl/src/core/lv_group.c:101:6:lv_group_set_default	16	static
../lvgl/src/core/lv_group.c:106:14:lv_group_get_default	4	static
../lvgl/src/core/lv_group.c:111:6:lv_group_add_obj	32	static
../lvgl/src/core/lv_group.c:156:6:lv_group_swap_obj	32	static
../lvgl/src/core/lv_group.c:175:6:lv_group_remove_obj	32	static
../lvgl/src/core/lv_group.c:216:6:lv_group_remove_all_objs	32	static
../lvgl/src/core/lv_group.c:234:6:lv_group_focus_obj	40	static
../lvgl/src/core/lv_group.c:267:6:lv_group_focus_next	24	static
../lvgl/src/core/lv_group.c:276:6:lv_group_focus_prev	24	static
../lvgl/src/core/lv_group.c:285:6:lv_group_focus_freeze	16	static
../lvgl/src/core/lv_group.c:291:10:lv_group_send_data	24	static
../lvgl/src/core/lv_group.c:301:6:lv_group_set_focus_cb	16	static
../lvgl/src/core/lv_group.c:306:6:lv_group_set_edge_cb	16	static
../lvgl/src/core/lv_group.c:311:6:lv_group_set_editing	40	static
../lvgl/src/core/lv_group.c:329:6:lv_group_set_refocus_policy	16	static
../lvgl/src/core/lv_group.c:334:6:lv_group_set_wrap	16	static
../lvgl/src/core/lv_group.c:339:12:lv_group_get_focused	16	static
../lvgl/src/core/lv_group.c:347:21:lv_group_get_focus_cb	16	static
../lvgl/src/core/lv_group.c:353:20:lv_group_get_edge_cb	16	static
../lvgl/src/core/lv_group.c:359:6:lv_group_get_editing	16	static
../lvgl/src/core/lv_group.c:365:6:lv_group_get_wrap	16	static
../lvgl/src/core/lv_group.c:371:10:lv_group_get_obj_count	16	static
../lvgl/src/core/lv_group.c:379:13:lv_group_refocus	24	static
../lvgl/src/core/lv_group.c:393:13:focus_next_core	56	static
../lvgl/src/core/lv_group.c:476:21:get_indev	32	static
